Archive member included to satisfy reference by file (symbol)

c:/program files (x86)/atmel/studio/7.0/toolchain/avr8/avr8-gnu-toolchain/bin/../lib/gcc/avr/5.4.0/../../../../avr/lib/avr51\libm.a(addsf3.o)
                              src/Encoder.o (__subsf3)
c:/program files (x86)/atmel/studio/7.0/toolchain/avr8/avr8-gnu-toolchain/bin/../lib/gcc/avr/5.4.0/../../../../avr/lib/avr51\libm.a(addsf3x.o)
                              c:/program files (x86)/atmel/studio/7.0/toolchain/avr8/avr8-gnu-toolchain/bin/../lib/gcc/avr/5.4.0/../../../../avr/lib/avr51\libm.a(addsf3.o) (__addsf3x)
c:/program files (x86)/atmel/studio/7.0/toolchain/avr8/avr8-gnu-toolchain/bin/../lib/gcc/avr/5.4.0/../../../../avr/lib/avr51\libm.a(atan2.o)
                              src/path.o (atan2)
c:/program files (x86)/atmel/studio/7.0/toolchain/avr8/avr8-gnu-toolchain/bin/../lib/gcc/avr/5.4.0/../../../../avr/lib/avr51\libm.a(atan.o)
                              c:/program files (x86)/atmel/studio/7.0/toolchain/avr8/avr8-gnu-toolchain/bin/../lib/gcc/avr/5.4.0/../../../../avr/lib/avr51\libm.a(atan2.o) (atan)
c:/program files (x86)/atmel/studio/7.0/toolchain/avr8/avr8-gnu-toolchain/bin/../lib/gcc/avr/5.4.0/../../../../avr/lib/avr51\libm.a(cmpsf2.o)
                              src/Encoder.o (__ltsf2)
c:/program files (x86)/atmel/studio/7.0/toolchain/avr8/avr8-gnu-toolchain/bin/../lib/gcc/avr/5.4.0/../../../../avr/lib/avr51\libm.a(cos.o)
                              src/Position.o (cos)
c:/program files (x86)/atmel/studio/7.0/toolchain/avr8/avr8-gnu-toolchain/bin/../lib/gcc/avr/5.4.0/../../../../avr/lib/avr51\libm.a(divsf3.o)
                              src/Encoder.o (__divsf3)
c:/program files (x86)/atmel/studio/7.0/toolchain/avr8/avr8-gnu-toolchain/bin/../lib/gcc/avr/5.4.0/../../../../avr/lib/avr51\libm.a(divsf3x.o)
                              c:/program files (x86)/atmel/studio/7.0/toolchain/avr8/avr8-gnu-toolchain/bin/../lib/gcc/avr/5.4.0/../../../../avr/lib/avr51\libm.a(divsf3.o) (__divsf3x)
c:/program files (x86)/atmel/studio/7.0/toolchain/avr8/avr8-gnu-toolchain/bin/../lib/gcc/avr/5.4.0/../../../../avr/lib/avr51\libm.a(fixsfsi.o)
                              src/Encoder.o (__fixsfsi)
c:/program files (x86)/atmel/studio/7.0/toolchain/avr8/avr8-gnu-toolchain/bin/../lib/gcc/avr/5.4.0/../../../../avr/lib/avr51\libm.a(fixunssfsi.o)
                              src/IR.o (__fixunssfsi)
c:/program files (x86)/atmel/studio/7.0/toolchain/avr8/avr8-gnu-toolchain/bin/../lib/gcc/avr/5.4.0/../../../../avr/lib/avr51\libm.a(floatsisf.o)
                              src/IR.o (__floatunsisf)
c:/program files (x86)/atmel/studio/7.0/toolchain/avr8/avr8-gnu-toolchain/bin/../lib/gcc/avr/5.4.0/../../../../avr/lib/avr51\libm.a(floor.o)
                              src/OwnLaby.o (floor)
c:/program files (x86)/atmel/studio/7.0/toolchain/avr8/avr8-gnu-toolchain/bin/../lib/gcc/avr/5.4.0/../../../../avr/lib/avr51\libm.a(fma.o)
                              lib/pathFollower/pathFollower.o (fma)
c:/program files (x86)/atmel/studio/7.0/toolchain/avr8/avr8-gnu-toolchain/bin/../lib/gcc/avr/5.4.0/../../../../avr/lib/avr51\libm.a(fp_cmp.o)
                              c:/program files (x86)/atmel/studio/7.0/toolchain/avr8/avr8-gnu-toolchain/bin/../lib/gcc/avr/5.4.0/../../../../avr/lib/avr51\libm.a(cmpsf2.o) (__fp_cmp)
c:/program files (x86)/atmel/studio/7.0/toolchain/avr8/avr8-gnu-toolchain/bin/../lib/gcc/avr/5.4.0/../../../../avr/lib/avr51\libm.a(fp_inf.o)
                              c:/program files (x86)/atmel/studio/7.0/toolchain/avr8/avr8-gnu-toolchain/bin/../lib/gcc/avr/5.4.0/../../../../avr/lib/avr51\libm.a(addsf3x.o) (__fp_inf)
c:/program files (x86)/atmel/studio/7.0/toolchain/avr8/avr8-gnu-toolchain/bin/../lib/gcc/avr/5.4.0/../../../../avr/lib/avr51\libm.a(fp_mintl.o)
                              c:/program files (x86)/atmel/studio/7.0/toolchain/avr8/avr8-gnu-toolchain/bin/../lib/gcc/avr/5.4.0/../../../../avr/lib/avr51\libm.a(floor.o) (__fp_mintl)
c:/program files (x86)/atmel/studio/7.0/toolchain/avr8/avr8-gnu-toolchain/bin/../lib/gcc/avr/5.4.0/../../../../avr/lib/avr51\libm.a(fp_mpack.o)
                              c:/program files (x86)/atmel/studio/7.0/toolchain/avr8/avr8-gnu-toolchain/bin/../lib/gcc/avr/5.4.0/../../../../avr/lib/avr51\libm.a(floor.o) (__fp_mpack)
c:/program files (x86)/atmel/studio/7.0/toolchain/avr8/avr8-gnu-toolchain/bin/../lib/gcc/avr/5.4.0/../../../../avr/lib/avr51\libm.a(fp_nan.o)
                              c:/program files (x86)/atmel/studio/7.0/toolchain/avr8/avr8-gnu-toolchain/bin/../lib/gcc/avr/5.4.0/../../../../avr/lib/avr51\libm.a(addsf3x.o) (__fp_nan)
c:/program files (x86)/atmel/studio/7.0/toolchain/avr8/avr8-gnu-toolchain/bin/../lib/gcc/avr/5.4.0/../../../../avr/lib/avr51\libm.a(fp_powser.o)
                              c:/program files (x86)/atmel/studio/7.0/toolchain/avr8/avr8-gnu-toolchain/bin/../lib/gcc/avr/5.4.0/../../../../avr/lib/avr51\libm.a(atan.o) (__fp_powser)
[...]
Memory Configuration

Name             Origin             Length             Attributes
text             0x00000000         0x00020000         xr
data             0x00800200         0x00002000         rw !x
eeprom           0x00810000         0x00001000         rw !x
fuse             0x00820000         0x00000003         rw !x
lock             0x00830000         0x00000400         rw !x
signature        0x00840000         0x00000400         rw !x
user_signatures  0x00850000         0x00000400         rw !x
*default*        0x00000000         0xffffffff

Linker script and memory map

Address of section .data set to 0x800200
LOAD C:/Program Files (x86)/Atmel/Studio/7.0/Packs/atmel/ATmega_DFP/1.7.374/gcc/dev/atmega1280/avr51/crtatmega1280.o
LOAD src/Bumper.o
LOAD src/Encoder.o
LOAD src/IR.o
LOAD src/main.o
LOAD src/OwnLaby.o
LOAD src/path.o
LOAD src/Position.o
LOAD src/RobotControl.o
LOAD src/badISR.o
LOAD lib/tools/timeTask/timeTask.o
LOAD lib/tools/timeTask/timeTask_isr.o
LOAD lib/motor/motor.o
LOAD lib/io/uart/uart_isr.o
LOAD lib/io/uart/uart.o
LOAD lib/io/i2c/i2c.o
LOAD lib/io/adc/adc_isr.o
LOAD lib/io/adc/adc.o
LOAD lib/communication/communication.o
LOAD lib/tools/remoteDataProcessing/remoteDataProcessing.o
LOAD lib/pathFollower/pathFollower.o
LOAD lib/tools/labyrinth/labyrinth.o
START GROUP
LOAD c:/program files (x86)/atmel/studio/7.0/toolchain/avr8/avr8-gnu-toolchain/bin/../lib/gcc/avr/5.4.0/../../../../avr/lib/avr51\libm.a
END GROUP
START GROUP
LOAD c:/program files (x86)/atmel/studio/7.0/toolchain/avr8/avr8-gnu-toolchain/bin/../lib/gcc/avr/5.4.0/avr51\libgcc.a
LOAD c:/program files (x86)/atmel/studio/7.0/toolchain/avr8/avr8-gnu-toolchain/bin/../lib/gcc/avr/5.4.0/../../../../avr/lib/avr51\libm.a
LOAD c:/program files (x86)/atmel/studio/7.0/toolchain/avr8/avr8-gnu-toolchain/bin/../lib/gcc/avr/5.4.0/../../../../avr/lib/avr51\libc.a
LOAD C:/Program Files (x86)/Atmel/Studio/7.0/Packs/atmel/ATmega_DFP/1.7.374/gcc/dev/atmega1280/avr51\libatmega1280.a
END GROUP
                0x00000000                __TEXT_REGION_ORIGIN__ = DEFINED (__TEXT_REGION_ORIGIN__)?__TEXT_REGION_ORIGIN__:0x0
                [0x00800200]                __DATA_REGION_ORIGIN__ = DEFINED (__DATA_REGION_ORIGIN__)?__DATA_REGION_ORIGIN__:0x800100
                [0x00020000]                __TEXT_REGION_LENGTH__ = DEFINED (__TEXT_REGION_LENGTH__)?__TEXT_REGION_LENGTH__:0x20000
                [0x00002000]                __DATA_REGION_LENGTH__ = DEFINED (__DATA_REGION_LENGTH__)?__DATA_REGION_LENGTH__:0xff00
                [0x00001000]                __EEPROM_REGION_LENGTH__ = DEFINED (__EEPROM_REGION_LENGTH__)?__EEPROM_REGION_LENGTH__:0x10000
                [0x00000003]                __FUSE_REGION_LENGTH__ = DEFINED (__FUSE_REGION_LENGTH__)?__FUSE_REGION_LENGTH__:0x400
                0x00000400                __LOCK_REGION_LENGTH__ = DEFINED (__LOCK_REGION_LENGTH__)?__LOCK_REGION_LENGTH__:0x400
                0x00000400                __SIGNATURE_REGION_LENGTH__ = DEFINED (__SIGNATURE_REGION_LENGTH__)?__SIGNATURE_REGION_LENGTH__:0x400
                0x00000400                __USER_SIGNATURE_REGION_LENGTH__ = DEFINED (__USER_SIGNATURE_REGION_LENGTH__)?__USER_SIGNATURE_REGION_LENGTH__:0x400

.hash
 *(.hash)

.dynsym
 *(.dynsym)

.dynstr
 *(.dynstr)

.gnu.version
 *(.gnu.version)

.gnu.version_d
 *(.gnu.version_d)

.gnu.version_r
 *(.gnu.version_r)

.rel.init
 *(.rel.init)

.rela.init
 *(.rela.init)

.rel.text
 *(.rel.text)
 *(.rel.text.*)
 *(.rel.gnu.linkonce.t*)

.rela.text
 *(.rela.text)
 *(.rela.text.*)
 *(.rela.gnu.linkonce.t*)

.rel.fini
 *(.rel.fini)

.rela.fini
 *(.rela.fini)

.rel.rodata
 *(.rel.rodata)
 *(.rel.rodata.*)
 *(.rel.gnu.linkonce.r*)

.rela.rodata
 *(.rela.rodata)
 *(.rela.rodata.*)
 *(.rela.gnu.linkonce.r*)

.rel.data
 *(.rel.data)
 *(.rel.data.*)
 *(.rel.gnu.linkonce.d*)

.rela.data
 *(.rela.data)
 *(.rela.data.*)
 *(.rela.gnu.linkonce.d*)

.rel.ctors
 *(.rel.ctors)

.rela.ctors
 *(.rela.ctors)

.rel.dtors
 *(.rel.dtors)

.rela.dtors
 *(.rela.dtors)

.rel.got
 *(.rel.got)

.rela.got
 *(.rela.got)

.rel.bss
 *(.rel.bss)

.rela.bss
 *(.rela.bss)

.rel.plt
 *(.rel.plt)

.rela.plt
 *(.rela.plt)

.text           0x00000000     0x4e20
 *(.vectors)
 .vectors       0x00000000       0xe4 C:/Program Files (x86)/Atmel/Studio/7.0/Packs/atmel/ATmega_DFP/1.7.374/gcc/dev/atmega1280/avr51/crtatmega1280.o
                0x00000000                __vectors
 *(.vectors)
 *(.progmem.gcc*)
 .progmem.gcc_sw_table.commUserCommand
                0x000000e4        0xe src/main.o
 .progmem.gcc_sw_table.stateMachine
                0x000000f2       0x10 src/RobotControl.o
 .progmem.gcc_fplib
                0x00000102       0x2d c:/program files (x86)/atmel/studio/7.0/toolchain/avr8/avr8-gnu-toolchain/bin/../lib/gcc/avr/5.4.0/../../../../avr/lib/avr51\libm.a(atan.o)
 .progmem.gcc_fplib
                0x0000012f       0x1e c:/program files (x86)/atmel/studio/7.0/toolchain/avr8/avr8-gnu-toolchain/bin/../lib/gcc/avr/5.4.0/../../../../avr/lib/avr51\libm.a(fp_sinus.o)
                0x0000014e                . = ALIGN (0x2)
 *fill*         0x0000014d        0x1 
                0x0000014e                __trampolines_start = .
 *(.trampolines)
 .trampolines   0x0000014e        0x0 linker stubs
 *(.trampolines*)
                0x0000014e                __trampolines_end = .
 *libprintf_flt.a:*(.progmem.data)
 *libc.a:*(.progmem.data)
 *(.progmem*)
 .progmem.data.__c.2638
                0x0000014e        0x7 src/main.o
 .progmem.data.__c.2507
                0x00000155       0x2d lib/pathFollower/pathFollower.o
 .progmem.data.__c.2491
                0x00000182       0x14 lib/pathFollower/pathFollower.o
 .progmem.data.__c.2489
                0x00000196       0x33 lib/pathFollower/pathFollower.o
 .progmem.data.__c.2444
                0x000001c9       0x18 lib/pathFollower/pathFollower.o
 .progmem.data.__c.2437
                0x000001e1        0xf lib/pathFollower/pathFollower.o
 .progmem.data.__c.2435
                0x000001f0       0x10 lib/pathFollower/pathFollower.o
 .progmem.data.__c.2433
                0x00000200       0x11 lib/pathFollower/pathFollower.o
 .progmem.data.__c.2431
                0x00000211       0x12 lib/pathFollower/pathFollower.o
 .progmem.data.__c.2429
                0x00000223       0x2b lib/pathFollower/pathFollower.o
 .progmem.data.__c.2427
                0x0000024e       0x33 lib/pathFollower/pathFollower.o
                0x00000282                . = ALIGN (0x2)
 *fill*         0x00000281        0x1 
 *(.jumptables)
 *(.jumptables*)
 *(.lowtext)
 *(.lowtext*)
                0x00000282                __ctors_start = .
 *(.ctors)
                0x00000282                __ctors_end = .
                0x00000282                __dtors_start = .
 *(.dtors)
                0x00000282                __dtors_end = .
 SORT(*)(.ctors)
 SORT(*)(.dtors)
 *(.init0)
 .init0         0x00000282        0x0 C:/Program Files (x86)/Atmel/Studio/7.0/Packs/atmel/ATmega_DFP/1.7.374/gcc/dev/atmega1280/avr51/crtatmega1280.o
                0x00000282                __init
 *(.init0)
 *(.init1)
 *(.init1)
 *(.init2)
 .init2         0x00000282        0xc C:/Program Files (x86)/Atmel/Studio/7.0/Packs/atmel/ATmega_DFP/1.7.374/gcc/dev/atmega1280/avr51/crtatmega1280.o
 *(.init2)
 *(.init3)
 .init3         0x0000028e        0x2 lib/tools/timeTask/timeTask.o
                0x0000028e                init_GPIOR0
 *(.init3)
 *(.init4)
 .init4         0x00000290       0x1a c:/program files (x86)/atmel/studio/7.0/toolchain/avr8/avr8-gnu-toolchain/bin/../lib/gcc/avr/5.4.0/avr51\libgcc.a(_copy_data.o)
                0x00000290                __do_copy_data
 .init4         0x000002aa       0x10 c:/program files (x86)/atmel/studio/7.0/toolchain/avr8/avr8-gnu-toolchain/bin/../lib/gcc/avr/5.4.0/avr51\libgcc.a(_clear_bss.o)
                0x000002aa                __do_clear_bss
 *(.init4)
 *(.init5)
 *(.init5)
 *(.init6)
 *(.init6)
 *(.init7)
 *(.init7)
 *(.init8)
 *(.init8)
 *(.init9)
 .init9         0x000002ba        0x8 C:/Program Files (x86)/Atmel/Studio/7.0/Packs/atmel/ATmega_DFP/1.7.374/gcc/dev/atmega1280/avr51/crtatmega1280.o
 *(.init9)
 *(.text)
 .text          0x000002c2        0x4 C:/Program Files (x86)/Atmel/Studio/7.0/Packs/atmel/ATmega_DFP/1.7.374/gcc/dev/atmega1280/avr51/crtatmega1280.o
                0x000002c2                __vector_38
                0x000002c2                __vector_22
                0x000002c2                __vector_28
                0x000002c2                __vector_1
                0x000002c2                __vector_32
                0x000002c2                __vector_34
                0x000002c2                __vector_24
                0x000002c2                __vector_12
                0x000002c2                __vector_55
                0x000002c2                __vector_46
                0x000002c2                __bad_interrupt
                0x000002c2                __vector_6
                0x000002c2                __vector_31
                0x000002c2                __vector_35
                0x000002c2                __vector_39
                0x000002c2                __vector_3
                0x000002c2                __vector_23
                0x000002c2                __vector_30
                0x000002c2                __vector_45
                0x000002c2                __vector_25
                0x000002c2                __vector_11
                0x000002c2                __vector_54
                0x000002c2                __vector_13
                0x000002c2                __vector_17
                0x000002c2                __vector_19
                0x000002c2                __vector_56
                0x000002c2                __vector_7
                0x000002c2                __vector_49
                0x000002c2                __vector_41
                0x000002c2                __vector_43
                0x000002c2                __vector_27
                0x000002c2                __vector_5
                0x000002c2                __vector_33
                0x000002c2                __vector_52
                0x000002c2                __vector_4
                0x000002c2                __vector_44
                0x000002c2                __vector_51
                0x000002c2                __vector_2
                0x000002c2                __vector_21
                0x000002c2                __vector_15
                0x000002c2                __vector_40
                0x000002c2                __vector_8
                0x000002c2                __vector_26
                0x000002c2                __vector_48
                0x000002c2                __vector_14
                0x000002c2                __vector_53
                0x000002c2                __vector_10
                0x000002c2                __vector_50
                0x000002c2                __vector_16
                0x000002c2                __vector_18
                0x000002c2                __vector_20
                0x000002c2                __vector_42
 .text          0x000002c6       0x6c lib/tools/timeTask/timeTask_isr.o
                0x000002c6                __vector_47
 .text          0x00000332       0x78 lib/io/uart/uart_isr.o
                0x00000332                __vector_36
                0x00000370                __vector_37
 .text          0x000003aa       0x9a lib/io/adc/adc_isr.o
                0x000003aa                __vector_29
                0x00000444                . = ALIGN (0x2)
 *(.text.*)
 .text.bumper_init
                0x00000444       0x20 src/Bumper.o
                0x00000444                bumper_init
 .text.bumper_getBumpers
                0x00000464        0x6 src/Bumper.o
                0x00000464                bumper_getBumpers
 .text.bumper_getContacts
                0x0000046a        0x6 src/Bumper.o
                0x0000046a                bumper_getContacts
 .text.bumper_checkCollision
                0x00000470       0x68 src/Bumper.o
                0x00000470                bumper_checkCollision
 .text.calcStopCounter_Drive
                0x000004d8      0x112 src/Encoder.o
                0x000004d8                calcStopCounter_Drive
 .text.encoder_init
                0x000005ea       0x28 src/Encoder.o
                0x000005ea                encoder_init
 .text.encoder_getCounterL
                0x00000612        0xa src/Encoder.o
                0x00000612                encoder_getCounterL
 .text.encoder_getCounterR
                0x0000061c        0xa src/Encoder.o
                0x0000061c                encoder_getCounterR
 .text.encoder_getCountersAndReset
                0x00000626       0x34 src/Encoder.o
                0x00000626                encoder_getCountersAndReset
 .text.__vector_9
                0x0000065a      0x302 src/Encoder.o
                0x0000065a                __vector_9
 .text.IR_getIR_value
                0x0000095c        0x6 src/IR.o
                0x0000095c                IR_getIR_value
 .text.commSendRobotParams
                0x00000962        0x4 src/main.o
                0x00000962                commSendRobotParams
 .text.commSetAprilTagPose
                0x00000966        0x4 src/main.o
                0x00000966                commSetAprilTagPose
 .text.commUserCommand
                0x0000096a      0x11e src/main.o
 .text.commDebug
                0x00000a88       0x20 src/main.o
 .text.startup.main
                0x00000aa8      0x326 src/main.o
                0x00000aa8                main
 .text.ownLaby_getPose
                0x00000dce        0x6 src/OwnLaby.o
                0x00000dce                ownLaby_getPose
 .text.ownLaby_setPose
                0x00000dd4      0x13c src/OwnLaby.o
                0x00000dd4                ownLaby_setPose
 .text.ownLaby_getRobotPose
                0x00000f10        0x6 src/OwnLaby.o
                0x00000f10                ownLaby_getRobotPose
 .text.ownLaby_setRobotPose
                0x00000f16      0x108 src/OwnLaby.o
                0x00000f16                ownLaby_setRobotPose
 .text.ownLaby_init
                0x0000101e       0x28 src/OwnLaby.o
                0x0000101e                ownLaby_init
 .text.robot_rotate
                0x00001046       0x20 src/OwnLaby.o
                0x00001046                robot_rotate
 .text.robot_isWall
                0x00001066       0xf0 src/OwnLaby.o
                0x00001066                robot_isWall
 .text.robot_move.part.0
                0x00001156       0x16 src/OwnLaby.o
 .text.ownLaby_explore
                0x0000116c      0x544 src/OwnLaby.o
                0x0000116c                ownLaby_explore
 .text.calcDifAngle
                0x000016b0       0xc8 src/path.o
                0x000016b0                calcDifAngle
 .text.calculateDriveCommand
                0x00001778      0x150 src/path.o
                0x00001778                calculateDriveCommand
 .text.position_getExpectedPose
                0x000018c8       0x12 src/Position.o
                0x000018c8                position_getExpectedPose
 .text.position_setRobotParams
                0x000018da       0x12 src/Position.o
                0x000018da                position_setRobotParams
 .text.position_getAprilTagPose
                0x000018ec        0x6 src/Position.o
                0x000018ec                position_getAprilTagPose
 .text.position_setAprilTagPose
                0x000018f2       0x12 src/Position.o
                0x000018f2                position_setAprilTagPose
 .text.position_updateExpectedPose
                0x00001904      0x2e6 src/Position.o
                0x00001904                position_updateExpectedPose
 .text.position_getCurrentPose
                0x00001bea        0x6 src/Position.o
                0x00001bea                position_getCurrentPose
 .text.setState
                0x00001bf0        0x6 src/RobotControl.o
                0x00001bf0                setState
 .text.getState
                0x00001bf6        0x6 src/RobotControl.o
                0x00001bf6                getState
 .text.driveAdjust
                0x00001bfc      0x164 src/RobotControl.o
                0x00001bfc                driveAdjust
 .text.wait_90  0x00001d60       0x46 src/RobotControl.o
                0x00001d60                wait_90
 .text.stateMachine
                0x00001da6       0x52 src/RobotControl.o
                0x00001da6                stateMachine
 .text.__vector_default
                0x00001df8       0x30 src/badISR.o
                0x00001df8                __vector_default
 .text.timeTask_init
                0x00001e28       0x44 lib/tools/timeTask/timeTask.o
                0x00001e28                timeTask_init
 .text.timeTask_getTimestamp
                0x00001e6c       0x2e lib/tools/timeTask/timeTask.o
                0x00001e6c                timeTask_getTimestamp
 .text.timeTask_getDuration
                0x00001e9a       0x58 lib/tools/timeTask/timeTask.o
                0x00001e9a                timeTask_getDuration
 .text.Motor_init
                0x00001ef2       0x98 lib/motor/motor.o
                0x00001ef2                Motor_init
 .text.Motor_setPWM
                0x00001f8a       0x70 lib/motor/motor.o
                0x00001f8a                Motor_setPWM
 .text.Motor_stopAll
                0x00001ffa       0x2c lib/motor/motor.o
                0x00001ffa                Motor_stopAll
 .text.uart_write1
                0x00002026       0x24 lib/io/uart/uart.o
                0x00002026                uart_write1
 .text.uart_read1
                0x0000204a       0x24 lib/io/uart/uart.o
                0x0000204a                uart_read1
 .text.uart_available1
                0x0000206e       0x12 lib/io/uart/uart.o
                0x0000206e                uart_available1
 .text.uart_init
                0x00002080       0x26 lib/io/uart/uart.o
                0x00002080                uart_init
 .text.ADC_init
                0x000020a6       0xc2 lib/io/adc/adc.o
                0x000020a6                ADC_init
 .text.ADC_getFilteredValue
                0x00002168       0x2c lib/io/adc/adc.o
                0x00002168                ADC_getFilteredValue
 .text.readPackets
                0x00002194      0x182 lib/communication/communication.o
 .text.communication_init
                0x00002316       0x10 lib/communication/communication.o
                0x00002316                communication_init
 .text.communication_setCallback
                0x00002326       0x12 lib/communication/communication.o
                0x00002326                communication_setCallback
 .text.communication_writePacket
                0x00002338       0xe4 lib/communication/communication.o
                0x00002338                communication_writePacket
 .text.communication_log
                0x0000241c       0x74 lib/communication/communication.o
                0x0000241c                communication_log
 .text.communication_log_P
                0x00002490       0x74 lib/communication/communication.o
                0x00002490                communication_log_P
 .text.communication_readPackets
                0x00002504        0xe lib/communication/communication.o
                0x00002504                communication_readPackets
 .text.commPathFollowerParameters
                0x00002512       0x62 lib/pathFollower/pathFollower.o
                0x00002512                commPathFollowerParameters
 .text.setPath  0x00002574      0x182 lib/pathFollower/pathFollower.o
 .text.commPathFollower
                0x000026f6      0x12e lib/pathFollower/pathFollower.o
                0x000026f6                commPathFollower
 .text.pathFollower_init
                0x00002824       0x14 lib/pathFollower/pathFollower.o
                0x00002824                pathFollower_init
 .text.pathFollower_setNewPath
                0x00002838        0xc lib/pathFollower/pathFollower.o
                0x00002838                pathFollower_setNewPath
 .text.pathFollower_command
                0x00002844       0x4c lib/pathFollower/pathFollower.o
                0x00002844                pathFollower_command
 .text.pathFollower_update
                0x00002890     0x10cc lib/pathFollower/pathFollower.o
                0x00002890                pathFollower_update
 .text.pathFollower_getStatus
                0x0000395c        0x6 lib/pathFollower/pathFollower.o
                0x0000395c                pathFollower_getStatus
 .text.labyrinth_getWallIndex.part.0
                0x00003962       0x4a lib/tools/labyrinth/labyrinth.o
 .text.labyrinth_getWalls
                0x000039ac       0xea lib/tools/labyrinth/labyrinth.o
                0x000039ac                labyrinth_getWalls
 .text.labyrinth_setWalls
                0x00003a96      0x15e lib/tools/labyrinth/labyrinth.o
                0x00003a96                labyrinth_setWalls
 .text.labyrinth_getAllWalls
                0x00003bf4        0x6 lib/tools/labyrinth/labyrinth.o
                0x00003bf4                labyrinth_getAllWalls
 .text.avr-libc.fplib
                0x00003bfa        0xe c:/program files (x86)/atmel/studio/7.0/toolchain/avr8/avr8-gnu-toolchain/bin/../lib/gcc/avr/5.4.0/../../../../avr/lib/avr51\libm.a(addsf3.o)
                0x00003bfa                __subsf3
                0x00003bfc                __addsf3
 .text.avr-libc.fplib
                0x00003c08       0xcc c:/program files (x86)/atmel/studio/7.0/toolchain/avr8/avr8-gnu-toolchain/bin/../lib/gcc/avr/5.4.0/../../../../avr/lib/avr51\libm.a(addsf3x.o)
                0x00003c2a                __addsf3x
 .text.avr-libc.fplib
                0x00003cd4       0x86 c:/program files (x86)/atmel/studio/7.0/toolchain/avr8/avr8-gnu-toolchain/bin/../lib/gcc/avr/5.4.0/../../../../avr/lib/avr51\libm.a(atan2.o)
                0x00003cfa                atan2
 .text.avr-libc.fplib
                0x00003d5a       0x5e c:/program files (x86)/atmel/studio/7.0/toolchain/avr8/avr8-gnu-toolchain/bin/../lib/gcc/avr/5.4.0/../../../../avr/lib/avr51\libm.a(atan.o)
                0x00003d5a                atan
 .text.avr-libc.fplib
                0x00003db8        0xa c:/program files (x86)/atmel/studio/7.0/toolchain/avr8/avr8-gnu-toolchain/bin/../lib/gcc/avr/5.4.0/../../../../avr/lib/avr51\libm.a(cmpsf2.o)
                0x00003db8                __nesf2
                0x00003db8                __eqsf2
                0x00003db8                __cmpsf2
                0x00003db8                __ltsf2
                0x00003db8                __lesf2
 .text.avr-libc.fplib
                0x00003dc2        0xa c:/program files (x86)/atmel/studio/7.0/toolchain/avr8/avr8-gnu-toolchain/bin/../lib/gcc/avr/5.4.0/../../../../avr/lib/avr51\libm.a(cos.o)
                0x00003dc2                cos
 .text.avr-libc.fplib
                0x00003dcc        0x8 c:/program files (x86)/atmel/studio/7.0/toolchain/avr8/avr8-gnu-toolchain/bin/../lib/gcc/avr/5.4.0/../../../../avr/lib/avr51\libm.a(divsf3.o)
                0x00003dcc                __divsf3
 .text.avr-libc.fplib
                0x00003dd4       0xdc c:/program files (x86)/atmel/studio/7.0/toolchain/avr8/avr8-gnu-toolchain/bin/../lib/gcc/avr/5.4.0/../../../../avr/lib/avr51\libm.a(divsf3x.o)
                0x00003df4                __divsf3x
                0x00003dfa                __divsf3_pse
 .text.avr-libc.fplib
                0x00003eb0        0xe c:/program files (x86)/atmel/studio/7.0/toolchain/avr8/avr8-gnu-toolchain/bin/../lib/gcc/avr/5.4.0/../../../../avr/lib/avr51\libm.a(fixsfsi.o)
                0x00003eb0                __fixsfsi
 .text.avr-libc.fplib
                0x00003ebe       0x5e c:/program files (x86)/atmel/studio/7.0/toolchain/avr8/avr8-gnu-toolchain/bin/../lib/gcc/avr/5.4.0/../../../../avr/lib/avr51\libm.a(fixunssfsi.o)
                0x00003ebe                __fixunssfsi
 .text.avr-libc.fplib
                0x00003f1c       0x7a c:/program files (x86)/atmel/studio/7.0/toolchain/avr8/avr8-gnu-toolchain/bin/../lib/gcc/avr/5.4.0/../../../../avr/lib/avr51\libm.a(floatsisf.o)
                0x00003f1c                __floatunsisf
                0x00003f20                __floatsisf
 .text.avr-libc.fplib
                0x00003f96       0x2e c:/program files (x86)/atmel/studio/7.0/toolchain/avr8/avr8-gnu-toolchain/bin/../lib/gcc/avr/5.4.0/../../../../avr/lib/avr51\libm.a(floor.o)
                0x00003f96                floor
 .text.avr-libc.fplib
                0x00003fc4       0x12 c:/program files (x86)/atmel/studio/7.0/toolchain/avr8/avr8-gnu-toolchain/bin/../lib/gcc/avr/5.4.0/../../../../avr/lib/avr51\libm.a(fma.o)
                0x00003fc4                fma
 .text.avr-libc.fplib
                0x00003fd6       0x48 c:/program files (x86)/atmel/studio/7.0/toolchain/avr8/avr8-gnu-toolchain/bin/../lib/gcc/avr/5.4.0/../../../../avr/lib/avr51\libm.a(fp_cmp.o)
                0x00003fd6                __fp_cmp
 .text.avr-libc.fplib
                0x0000401e        0xc c:/program files (x86)/atmel/studio/7.0/toolchain/avr8/avr8-gnu-toolchain/bin/../lib/gcc/avr/5.4.0/../../../../avr/lib/avr51\libm.a(fp_inf.o)
                0x0000401e                __fp_inf
 .text.avr-libc.fplib
                0x0000402a       0x36 c:/program files (x86)/atmel/studio/7.0/toolchain/avr8/avr8-gnu-toolchain/bin/../lib/gcc/avr/5.4.0/../../../../avr/lib/avr51\libm.a(fp_mintl.o)
                0x0000402a                __fp_mintl
 .text.avr-libc.fplib
                0x00004060       0x1c c:/program files (x86)/atmel/studio/7.0/toolchain/avr8/avr8-gnu-toolchain/bin/../lib/gcc/avr/5.4.0/../../../../avr/lib/avr51\libm.a(fp_mpack.o)
                0x00004060                __fp_mpack
                0x00004064                __fp_mpack_finite
 .text.avr-libc.fplib
                0x0000407c        0x6 c:/program files (x86)/atmel/studio/7.0/toolchain/avr8/avr8-gnu-toolchain/bin/../lib/gcc/avr/5.4.0/../../../../avr/lib/avr51\libm.a(fp_nan.o)
                0x0000407c                __fp_nan
 .text.avr-libc.fplib
                0x00004082       0x4e c:/program files (x86)/atmel/studio/7.0/toolchain/avr8/avr8-gnu-toolchain/bin/../lib/gcc/avr/5.4.0/../../../../avr/lib/avr51\libm.a(fp_powser.o)
                0x00004082                __fp_powser
 .text.avr-libc.fplib
                0x000040d0        0xe c:/program files (x86)/atmel/studio/7.0/toolchain/avr8/avr8-gnu-toolchain/bin/../lib/gcc/avr/5.4.0/../../../../avr/lib/avr51\libm.a(fp_pscA.o)
                0x000040d0                __fp_pscA
 .text.avr-libc.fplib
                0x000040de        0xe c:/program files (x86)/atmel/studio/7.0/toolchain/avr8/avr8-gnu-toolchain/bin/../lib/gcc/avr/5.4.0/../../../../avr/lib/avr51\libm.a(fp_pscB.o)
                0x000040de                __fp_pscB
 .text.avr-libc.fplib
                0x000040ec       0x56 c:/program files (x86)/atmel/studio/7.0/toolchain/avr8/avr8-gnu-toolchain/bin/../lib/gcc/avr/5.4.0/../../../../avr/lib/avr51\libm.a(fp_rempio2.o)
                0x000040f0                __fp_rempio2
 .text.avr-libc.fplib
                0x00004142       0x22 c:/program files (x86)/atmel/studio/7.0/toolchain/avr8/avr8-gnu-toolchain/bin/../lib/gcc/avr/5.4.0/../../../../avr/lib/avr51\libm.a(fp_round.o)
                0x00004142                __fp_round
 .text.avr-libc.fplib
                0x00004164       0x28 c:/program files (x86)/atmel/studio/7.0/toolchain/avr8/avr8-gnu-toolchain/bin/../lib/gcc/avr/5.4.0/../../../../avr/lib/avr51\libm.a(fp_sinus.o)
                0x00004164                __fp_sinus
 .text.avr-libc.fplib
                0x0000418c       0x44 c:/program files (x86)/atmel/studio/7.0/toolchain/avr8/avr8-gnu-toolchain/bin/../lib/gcc/avr/5.4.0/../../../../avr/lib/avr51\libm.a(fp_split3.o)
                0x0000418c                __fp_split3
                0x0000419c                __fp_splitA
 .text.avr-libc.fplib
                0x000041d0       0x30 c:/program files (x86)/atmel/studio/7.0/toolchain/avr8/avr8-gnu-toolchain/bin/../lib/gcc/avr/5.4.0/../../../../avr/lib/avr51\libm.a(fp_trunc.o)
                0x000041d0                __fp_trunc
 .text.avr-libc.fplib
                0x00004200        0xe c:/program files (x86)/atmel/studio/7.0/toolchain/avr8/avr8-gnu-toolchain/bin/../lib/gcc/avr/5.4.0/../../../../avr/lib/avr51\libm.a(fp_zero.o)
                0x00004200                __fp_zero
                0x00004202                __fp_szero
 .text.avr-libc.fplib
                0x0000420e        0xa c:/program files (x86)/atmel/studio/7.0/toolchain/avr8/avr8-gnu-toolchain/bin/../lib/gcc/avr/5.4.0/../../../../avr/lib/avr51\libm.a(gesf2.o)
                0x0000420e                __gesf2
                0x0000420e                __gtsf2
 .text.avr-libc.fplib
                0x00004218       0xda c:/program files (x86)/atmel/studio/7.0/toolchain/avr8/avr8-gnu-toolchain/bin/../lib/gcc/avr/5.4.0/../../../../avr/lib/avr51\libm.a(hypot.o)
                0x00004234                hypot
 .text.avr-libc.fplib
                0x000042f2       0x10 c:/program files (x86)/atmel/studio/7.0/toolchain/avr8/avr8-gnu-toolchain/bin/../lib/gcc/avr/5.4.0/../../../../avr/lib/avr51\libm.a(inverse.o)
                0x000042f2                inverse
 .text.avr-libc.fplib
                0x00004302       0x74 c:/program files (x86)/atmel/studio/7.0/toolchain/avr8/avr8-gnu-toolchain/bin/../lib/gcc/avr/5.4.0/../../../../avr/lib/avr51\libm.a(ldexp.o)
                0x0000430a                ldexp
 .text.avr-libc.fplib
                0x00004376        0x8 c:/program files (x86)/atmel/studio/7.0/toolchain/avr8/avr8-gnu-toolchain/bin/../lib/gcc/avr/5.4.0/../../../../avr/lib/avr51\libm.a(mulsf3.o)
                0x00004376                __mulsf3
 .text.avr-libc.fplib
                0x0000437e       0xd2 c:/program files (x86)/atmel/studio/7.0/toolchain/avr8/avr8-gnu-toolchain/bin/../lib/gcc/avr/5.4.0/../../../../avr/lib/avr51\libm.a(mulsf3x.o)
                0x0000439c                __mulsf3x
                0x000043a2                __mulsf3_pse
 .text.avr-libc.fplib
                0x00004450       0x10 c:/program files (x86)/atmel/studio/7.0/toolchain/avr8/avr8-gnu-toolchain/bin/../lib/gcc/avr/5.4.0/../../../../avr/lib/avr51\libm.a(sin.o)
                0x00004450                sin
 .text.avr-libc.fplib
                0x00004460       0x8c c:/program files (x86)/atmel/studio/7.0/toolchain/avr8/avr8-gnu-toolchain/bin/../lib/gcc/avr/5.4.0/../../../../avr/lib/avr51\libm.a(sqrt.o)
                0x0000446c                sqrtf
                0x0000446c                sqrt
 .text.avr-libc.fplib
                0x000044ec        0x8 c:/program files (x86)/atmel/studio/7.0/toolchain/avr8/avr8-gnu-toolchain/bin/../lib/gcc/avr/5.4.0/../../../../avr/lib/avr51\libm.a(square.o)
                0x000044ec                square
 .text.avr-libc.fplib
                0x000044f4        0xe c:/program files (x86)/atmel/studio/7.0/toolchain/avr8/avr8-gnu-toolchain/bin/../lib/gcc/avr/5.4.0/../../../../avr/lib/avr51\libm.a(fp_norm2.o)
                0x000044f4                __fp_norm2
 .text.avr-libc.fplib
                0x00004502       0x28 c:/program files (x86)/atmel/studio/7.0/toolchain/avr8/avr8-gnu-toolchain/bin/../lib/gcc/avr/5.4.0/../../../../avr/lib/avr51\libm.a(fp_powsodd.o)
                0x00004502                __fp_powsodd
 .text.libgcc   0x0000452a       0x12 c:/program files (x86)/atmel/studio/7.0/toolchain/avr8/avr8-gnu-toolchain/bin/../lib/gcc/avr/5.4.0/avr51\libgcc.a(_tablejump2.o)
                0x0000452a                __tablejump2__
 .text.libgcc.mul
                0x0000453c       0x16 c:/program files (x86)/atmel/studio/7.0/toolchain/avr8/avr8-gnu-toolchain/bin/../lib/gcc/avr/5.4.0/avr51\libgcc.a(_muluhisi3.o)
                0x0000453c                __muluhisi3
 .text.libgcc.mul
                0x00004552       0x1e c:/program files (x86)/atmel/studio/7.0/toolchain/avr8/avr8-gnu-toolchain/bin/../lib/gcc/avr/5.4.0/avr51\libgcc.a(_umulhisi3.o)
                0x00004552                __umulhisi3
 .text.avr-libc
                0x00004570      0x242 c:/program files (x86)/atmel/studio/7.0/toolchain/avr8/avr8-gnu-toolchain/bin/../lib/gcc/avr/5.4.0/../../../../avr/lib/avr51\libc.a(malloc.o)
                0x00004570                malloc
                0x000046a0                free
 .text.avr-libc
                0x000047b2       0x12 c:/program files (x86)/atmel/studio/7.0/toolchain/avr8/avr8-gnu-toolchain/bin/../lib/gcc/avr/5.4.0/../../../../avr/lib/avr51\libc.a(memcpy.o)
                0x000047b2                memcpy
 .text.avr-libc
                0x000047c4       0x72 c:/program files (x86)/atmel/studio/7.0/toolchain/avr8/avr8-gnu-toolchain/bin/../lib/gcc/avr/5.4.0/../../../../avr/lib/avr51\libc.a(vsnprintf.o)
                0x000047c4                vsnprintf
 .text.avr-libc
                0x00004836       0x72 c:/program files (x86)/atmel/studio/7.0/toolchain/avr8/avr8-gnu-toolchain/bin/../lib/gcc/avr/5.4.0/../../../../avr/lib/avr51\libc.a(vsnprintf_p.o)
                0x00004836                vsnprintf_P
 .text.avr-libc
                0x000048a8      0x414 c:/program files (x86)/atmel/studio/7.0/toolchain/avr8/avr8-gnu-toolchain/bin/../lib/gcc/avr/5.4.0/../../../../avr/lib/avr51\libc.a(vfprintf_std.o)
                0x000048a8                vfprintf
 .text.avr-libc
                0x00004cbc       0x16 c:/program files (x86)/atmel/studio/7.0/toolchain/avr8/avr8-gnu-toolchain/bin/../lib/gcc/avr/5.4.0/../../../../avr/lib/avr51\libc.a(strnlen_P.o)
                0x00004cbc                strnlen_P
 .text.avr-libc
                0x00004cd2       0x16 c:/program files (x86)/atmel/studio/7.0/toolchain/avr8/avr8-gnu-toolchain/bin/../lib/gcc/avr/5.4.0/../../../../avr/lib/avr51\libc.a(strnlen.o)
                0x00004cd2                strnlen
 .text.avr-libc
                0x00004ce8       0x78 c:/program files (x86)/atmel/studio/7.0/toolchain/avr8/avr8-gnu-toolchain/bin/../lib/gcc/avr/5.4.0/../../../../avr/lib/avr51\libc.a(fputc.o)
                0x00004ce8                fputc
 .text.avr-libc
                0x00004d60       0xbc c:/program files (x86)/atmel/studio/7.0/toolchain/avr8/avr8-gnu-toolchain/bin/../lib/gcc/avr/5.4.0/../../../../avr/lib/avr51\libc.a(ultoa_invert.o)
                0x00004d60                __ultoa_invert
                0x00004e1c                . = ALIGN (0x2)
 *(.fini9)
 .fini9         0x00004e1c        0x0 c:/program files (x86)/atmel/studio/7.0/toolchain/avr8/avr8-gnu-toolchain/bin/../lib/gcc/avr/5.4.0/avr51\libgcc.a(_exit.o)
                0x00004e1c                _exit
                0x00004e1c                exit
 *(.fini9)
 *(.fini8)
 *(.fini8)
 *(.fini7)
 *(.fini7)
 *(.fini6)
 *(.fini6)
 *(.fini5)
 *(.fini5)
 *(.fini4)
 *(.fini4)
 *(.fini3)
 *(.fini3)
 *(.fini2)
 *(.fini2)
 *(.fini1)
 *(.fini1)
 *(.fini0)
 .fini0         0x00004e1c        0x4 c:/program files (x86)/atmel/studio/7.0/toolchain/avr8/avr8-gnu-toolchain/bin/../lib/gcc/avr/5.4.0/avr51\libgcc.a(_exit.o)
 *(.fini0)
                0x00004e20                _etext = .

.data           0x00800200       0x70 load address 0x00004e20
                0x00800200                PROVIDE (__data_start, .)
 *(.data)
 .data          0x00800200        0x6 c:/program files (x86)/atmel/studio/7.0/toolchain/avr8/avr8-gnu-toolchain/bin/../lib/gcc/avr/5.4.0/../../../../avr/lib/avr51\libc.a(malloc.o)
                0x00800200                __malloc_heap_end
                0x00800202                __malloc_heap_start
                0x00800204                __malloc_margin
 *(.data*)
 .data.stopCounter
                0x00800206        0x2 src/Encoder.o
 .data.labyRobotPose
                0x00800208        0xc src/OwnLaby.o
                0x00800208                labyRobotPose
 .data.labyPose
                0x00800214        0x3 src/OwnLaby.o
                0x00800214                labyPose
 .data.expectedPose
                0x00800217        0xc src/Position.o
                0x00800217                expectedPose
 .data.value_robotParams
                0x00800223       0x10 src/Position.o
                0x00800223                value_robotParams
 .data.timeTask_uptime
                0x00800233        0x4 lib/tools/timeTask/timeTask.o
                0x00800233                timeTask_uptime
 .data.curSeg   0x00800237        0x2 lib/pathFollower/pathFollower.o
 .data.pathFollower_segmentLimit
                0x00800239        0x1 lib/pathFollower/pathFollower.o
 .data.pathFollower_lookaheadDistance
                0x0080023a        0x4 lib/pathFollower/pathFollower.o
 *(.gnu.linkonce.d*)
 *(.rodata)
 *(.rodata*)
 .rodata.str1.1
                0x0080023e       0x12 src/main.o
 .rodata.str1.1
                0x00800250       0x20 lib/pathFollower/pathFollower.o
 *(.gnu.linkonce.r*)
                0x00800270                . = ALIGN (0x2)
                0x00800270                _edata = .
                0x00800270                PROVIDE (__data_end, .)

.bss            0x00800270      0x775
                0x00800270                PROVIDE (__bss_start, .)
 *(.bss)
 *(.bss*)
 .bss.contacts  0x00800270        0x2 src/Bumper.o
 .bss.taster    0x00800272        0x1 src/Bumper.o
 .bss.counterL  0x00800273        0x2 src/Encoder.o
 .bss.counterR  0x00800275        0x2 src/Encoder.o
 .bss.pinbAlt   0x00800277        0x1 src/Encoder.o
 .bss.IR_value  0x00800278        0x6 src/IR.o
 .bss.WALL_TASK.2665
                0x0080027e        0x2 src/main.o
 .bss.FOLLOWER_TASK.2660
                0x00800280        0x2 src/main.o
 .bss.APRIL_POSE_TASK.2655
                0x00800282        0x2 src/main.o
 .bss.APRIL_TAG_TASK.2651
                0x00800284        0x2 src/main.o
 .bss.POSE_TASK.2647
                0x00800286        0x2 src/main.o
 .bss.TELEMETRY_TASK.2643
                0x00800288        0x2 src/main.o
 .bss.LED_TASK.2640
                0x0080028a        0x2 src/main.o
 .bss.truePose  0x0080028c        0xc src/Position.o
 .bss.startTime
                0x00800298        0x6 src/RobotControl.o
 .bss.state     0x0080029e        0x1 src/RobotControl.o
 .bss.timeTask_time_ms
                0x0080029f        0x4 lib/tools/timeTask/timeTask.o
                0x0080029f                timeTask_time_ms
 .bss.uart1     0x008002a3        0x5 lib/io/uart/uart.o
                0x008002a3                uart1
 .bss.errors    0x008002a8        0x1 lib/communication/communication.o
 .bss.inChksum  0x008002a9        0x1 lib/communication/communication.o
 .bss.isESC     0x008002aa        0x1 lib/communication/communication.o
 .bss.inBufLen  0x008002ab        0x2 lib/communication/communication.o
 .bss.inBuf     0x008002ad      0x400 lib/communication/communication.o
 .bss.communication_ChannelReceivers
                0x008006ad       0x20 lib/communication/communication.o
 .bss.relL      0x008006cd        0x4 lib/pathFollower/pathFollower.o
 .bss.nextSegLen
                0x008006d1        0x4 lib/pathFollower/pathFollower.o
 .bss.nextSegLenSq
                0x008006d5        0x4 lib/pathFollower/pathFollower.o
 .bss.nextSegVec
                0x008006d9        0x8 lib/pathFollower/pathFollower.o
 .bss.nextSegEnd
                0x008006e1        0x4 lib/pathFollower/pathFollower.o
 .bss.curSegLen
                0x008006e5        0x4 lib/pathFollower/pathFollower.o
 .bss.curSegLenSq
                0x008006e9        0x4 lib/pathFollower/pathFollower.o
 .bss.curSegVec
                0x008006ed        0x8 lib/pathFollower/pathFollower.o
 .bss.initialized
                0x008006f5        0x1 lib/pathFollower/pathFollower.o
 .bss.pathLength
                0x008006f6        0x1 lib/pathFollower/pathFollower.o
 .bss.path      0x008006f7        0x2 lib/pathFollower/pathFollower.o
 .bss.pathFollower_callback
                0x008006f9        0x2 lib/pathFollower/pathFollower.o
 .bss.pathFollower_extStatus
                0x008006fb        0x5 lib/pathFollower/pathFollower.o
 .bss.pathFollower_status
                0x00800700       0x11 lib/pathFollower/pathFollower.o
 .bss.labyrinthWalls
                0x00800711       0x10 lib/tools/labyrinth/labyrinth.o
 *(COMMON)
 COMMON         0x00800721       0x66 src/OwnLaby.o
                0x00800721                current_position
                0x00800723                target_tile
                0x00800725                visit_count
 COMMON         0x00800787      0x180 lib/io/uart/uart.o
                0x00800787                uart1_RX_buf
                0x00800807                uart1_TX_buf
 COMMON         0x00800907       0xda lib/io/adc/adc.o
                0x00800907                ADC_currentChannel
                0x00800909                ADC_channels
 COMMON         0x008009e1        0x4 c:/program files (x86)/atmel/studio/7.0/toolchain/avr8/avr8-gnu-toolchain/bin/../lib/gcc/avr/5.4.0/../../../../avr/lib/avr51\libc.a(malloc.o)
                0x008009e1                __brkval
                0x008009e3                __flp
                0x008009e5                PROVIDE (__bss_end, .)
                0x00004e20                __data_load_start = LOADADDR (.data)
                0x00004e90                __data_load_end = (__data_load_start + SIZEOF (.data))

.noinit         0x008009e5        0x0
                [!provide]                PROVIDE (__noinit_start, .)
 *(.noinit*)
                [!provide]                PROVIDE (__noinit_end, .)
                0x008009e5                _end = .
                0x008009e5                PROVIDE (__heap_start, .)

.eeprom         0x00810000        0x0
 *(.eeprom*)
                0x00810000                __eeprom_end = .

.fuse
 *(.fuse)
 *(.lfuse)
 *(.hfuse)
 *(.efuse)

.lock
 *(.lock*)

.signature
 *(.signature*)

.user_signatures
 *(.user_signatures*)

.stab
 *(.stab)

.stabstr
 *(.stabstr)

.stab.excl
 *(.stab.excl)

.stab.exclstr
 *(.stab.exclstr)

.stab.index
 *(.stab.index)

.stab.indexstr
 *(.stab.indexstr)

.comment        0x00000000       0x5c
 *(.comment)
 .comment       0x00000000       0x30 src/Bumper.o
                                 0x31 (size before relaxing)
 .comment       0x00000030       0x31 src/Encoder.o
 .comment       0x00000030       0x31 src/IR.o
 .comment       0x00000030       0x31 src/main.o
 .comment       0x00000030       0x31 src/OwnLaby.o
 .comment       0x00000030       0x31 src/path.o
 .comment       0x00000030       0x31 src/Position.o
 .comment       0x00000030       0x31 src/RobotControl.o
 .comment       0x00000030       0x31 src/badISR.o
 .comment       0x00000030       0x31 lib/tools/timeTask/timeTask.o
 .comment       0x00000030       0x31 lib/motor/motor.o
 .comment       0x00000030       0x31 lib/io/uart/uart.o
 .comment       0x00000030       0x31 lib/io/adc/adc.o
 .comment       0x00000030       0x31 lib/communication/communication.o
 .comment       0x00000030       0x31 lib/pathFollower/pathFollower.o
 .comment       0x00000030       0x31 lib/tools/labyrinth/labyrinth.o
 .comment       0x00000030       0x31 c:/program files (x86)/atmel/studio/7.0/toolchain/avr8/avr8-gnu-toolchain/bin/../lib/gcc/avr/5.4.0/../../../../avr/lib/avr51\libc.a(malloc.o)
 .comment       0x00000030       0x31 c:/program files (x86)/atmel/studio/7.0/toolchain/avr8/avr8-gnu-toolchain/bin/../lib/gcc/avr/5.4.0/../../../../avr/lib/avr51\libc.a(vsnprintf.o)
 .comment       0x00000030       0x31 c:/program files (x86)/atmel/studio/7.0/toolchain/avr8/avr8-gnu-toolchain/bin/../lib/gcc/avr/5.4.0/../../../../avr/lib/avr51\libc.a(vsnprintf_p.o)
 .comment       0x00000030       0x2c c:/program files (x86)/atmel/studio/7.0/toolchain/avr8/avr8-gnu-toolchain/bin/../lib/gcc/avr/5.4.0/../../../../avr/lib/avr51\libc.a(vfprintf_std.o)
                                 0x2d (size before relaxing)
 .comment       0x0000005c       0x31 c:/program files (x86)/atmel/studio/7.0/toolchain/avr8/avr8-gnu-toolchain/bin/../lib/gcc/avr/5.4.0/../../../../avr/lib/avr51\libc.a(fputc.o)

.note.gnu.avr.deviceinfo
                0x00000000       0x40
 .note.gnu.avr.deviceinfo
                0x00000000       0x40 C:/Program Files (x86)/Atmel/Studio/7.0/Packs/atmel/ATmega_DFP/1.7.374/gcc/dev/atmega1280/avr51/crtatmega1280.o

.note.gnu.build-id
 *(.note.gnu.build-id)

.debug
 *(.debug)

.line
 *(.line)

.debug_srcinfo
 *(.debug_srcinfo)

.debug_sfnames
 *(.debug_sfnames)

.debug_aranges  0x00000000      0x578
 *(.debug_aranges)
 .debug_aranges
                0x00000000       0x38 src/Bumper.o
 .debug_aranges
                0x00000038       0x58 src/Encoder.o
 .debug_aranges
                0x00000090       0x28 src/IR.o
 .debug_aranges
                0x000000b8       0x40 src/main.o
 .debug_aranges
                0x000000f8       0xa0 src/OwnLaby.o
 .debug_aranges
                0x00000198       0x28 src/path.o
 .debug_aranges
                0x000001c0       0x60 src/Position.o
 .debug_aranges
                0x00000220       0x68 src/RobotControl.o
 .debug_aranges
                0x00000288       0x20 src/badISR.o
 .debug_aranges
                0x000002a8       0x38 lib/tools/timeTask/timeTask.o
 .debug_aranges
                0x000002e0       0x20 lib/tools/timeTask/timeTask_isr.o
 .debug_aranges
                0x00000300       0x50 lib/motor/motor.o
 .debug_aranges
                0x00000350       0x20 lib/io/uart/uart_isr.o
 .debug_aranges
                0x00000370       0x58 lib/io/uart/uart.o
 .debug_aranges
                0x000003c8       0x20 lib/io/adc/adc_isr.o
 .debug_aranges
                0x000003e8       0x40 lib/io/adc/adc.o
 .debug_aranges
                0x00000428       0x60 lib/communication/communication.o
 .debug_aranges
                0x00000488       0x98 lib/pathFollower/pathFollower.o
 .debug_aranges
                0x00000520       0x58 lib/tools/labyrinth/labyrinth.o

.debug_pubnames
 *(.debug_pubnames)

.debug_info     0x00000000     0x75ca
 *(.debug_info .gnu.linkonce.wi.*)
 .debug_info    0x00000000      0xbbc C:/Program Files (x86)/Atmel/Studio/7.0/Packs/atmel/ATmega_DFP/1.7.374/gcc/dev/atmega1280/avr51/crtatmega1280.o
 .debug_info    0x00000bbc      0x257 src/Bumper.o
 .debug_info    0x00000e13      0x5bf src/Encoder.o
 .debug_info    0x000013d2      0x169 src/IR.o
 .debug_info    0x0000153b     0x1188 src/main.o
 .debug_info    0x000026c3      0xdd8 src/OwnLaby.o
 .debug_info    0x0000349b      0x35f src/path.o
 .debug_info    0x000037fa      0x3eb src/Position.o
 .debug_info    0x00003be5      0x7e9 src/RobotControl.o
 .debug_info    0x000043ce      0x105 src/badISR.o
 .debug_info    0x000044d3      0x2ab lib/tools/timeTask/timeTask.o
 .debug_info    0x0000477e       0x88 lib/tools/timeTask/timeTask_isr.o
 .debug_info    0x00004806      0x315 lib/motor/motor.o
 .debug_info    0x00004b1b       0x7d lib/io/uart/uart_isr.o
 .debug_info    0x00004b98      0x3e8 lib/io/uart/uart.o
 .debug_info    0x00004f80       0x7b lib/io/adc/adc_isr.o
 .debug_info    0x00004ffb      0x3f0 lib/io/adc/adc.o
 .debug_info    0x000053eb      0x7b7 lib/communication/communication.o
 .debug_info    0x00005ba2     0x1493 lib/pathFollower/pathFollower.o
 .debug_info    0x00007035      0x595 lib/tools/labyrinth/labyrinth.o

.debug_abbrev   0x00000000     0x2a53
 *(.debug_abbrev)
 .debug_abbrev  0x00000000      0xb1a C:/Program Files (x86)/Atmel/Studio/7.0/Packs/atmel/ATmega_DFP/1.7.374/gcc/dev/atmega1280/avr51/crtatmega1280.o
 .debug_abbrev  0x00000b1a      0x13f src/Bumper.o
 .debug_abbrev  0x00000c59      0x223 src/Encoder.o
 .debug_abbrev  0x00000e7c       0xec src/IR.o
 .debug_abbrev  0x00000f68      0x2a8 src/main.o
 .debug_abbrev  0x00001210      0x339 src/OwnLaby.o
 .debug_abbrev  0x00001549      0x170 src/path.o
 .debug_abbrev  0x000016b9      0x1ba src/Position.o
 .debug_abbrev  0x00001873      0x248 src/RobotControl.o
 .debug_abbrev  0x00001abb       0xba src/badISR.o
 .debug_abbrev  0x00001b75      0x178 lib/tools/timeTask/timeTask.o
 .debug_abbrev  0x00001ced       0x14 lib/tools/timeTask/timeTask_isr.o
 .debug_abbrev  0x00001d01      0x168 lib/motor/motor.o
 .debug_abbrev  0x00001e69       0x14 lib/io/uart/uart_isr.o
 .debug_abbrev  0x00001e7d      0x1b8 lib/io/uart/uart.o
 .debug_abbrev  0x00002035       0x14 lib/io/adc/adc_isr.o
 .debug_abbrev  0x00002049      0x1c6 lib/io/adc/adc.o
 .debug_abbrev  0x0000220f      0x209 lib/communication/communication.o
 .debug_abbrev  0x00002418      0x3a9 lib/pathFollower/pathFollower.o
 .debug_abbrev  0x000027c1      0x292 lib/tools/labyrinth/labyrinth.o

.debug_line     0x00000000     0x3acb
 *(.debug_line .debug_line.* .debug_line_end)
 .debug_line    0x00000000      0x1ee C:/Program Files (x86)/Atmel/Studio/7.0/Packs/atmel/ATmega_DFP/1.7.374/gcc/dev/atmega1280/avr51/crtatmega1280.o
 .debug_line    0x000001ee      0x187 src/Bumper.o
 .debug_line    0x00000375      0x537 src/Encoder.o
 .debug_line    0x000008ac       0xf2 src/IR.o
 .debug_line    0x0000099e      0x560 src/main.o
 .debug_line    0x00000efe      0x6f1 src/OwnLaby.o
 .debug_line    0x000015ef      0x19f src/path.o
 .debug_line    0x0000178e      0x245 src/Position.o
 .debug_line    0x000019d3      0x2ae src/RobotControl.o
 .debug_line    0x00001c81      0x13b src/badISR.o
 .debug_line    0x00001dbc      0x203 lib/tools/timeTask/timeTask.o
 .debug_line    0x00001fbf      0x15a lib/tools/timeTask/timeTask_isr.o
 .debug_line    0x00002119      0x2ca lib/motor/motor.o
 .debug_line    0x000023e3       0x4e lib/io/uart/uart_isr.o
 .debug_line    0x00002431      0x20a lib/io/uart/uart.o
 .debug_line    0x0000263b      0x1dd lib/io/adc/adc_isr.o
 .debug_line    0x00002818      0x2aa lib/io/adc/adc.o
 .debug_line    0x00002ac2      0x567 lib/communication/communication.o
 .debug_line    0x00003029      0x811 lib/pathFollower/pathFollower.o
 .debug_line    0x0000383a      0x291 lib/tools/labyrinth/labyrinth.o

.debug_frame    0x00000000      0xd14
 *(.debug_frame)
 .debug_frame   0x00000000       0x5c src/Bumper.o
 .debug_frame   0x0000005c      0x10c src/Encoder.o
 .debug_frame   0x00000168       0x40 src/IR.o
 .debug_frame   0x000001a8       0xcc src/main.o
 .debug_frame   0x00000274      0x18c src/OwnLaby.o
 .debug_frame   0x00000400       0xb8 src/path.o
 .debug_frame   0x000004b8      0x110 src/Position.o
 .debug_frame   0x000005c8       0xe8 src/RobotControl.o
 .debug_frame   0x000006b0       0x30 src/badISR.o
 .debug_frame   0x000006e0       0x68 lib/tools/timeTask/timeTask.o
 .debug_frame   0x00000748       0x90 lib/motor/motor.o
 .debug_frame   0x000007d8       0x94 lib/io/uart/uart.o
 .debug_frame   0x0000086c       0x70 lib/io/adc/adc.o
 .debug_frame   0x000008dc      0x11c lib/communication/communication.o
 .debug_frame   0x000009f8      0x268 lib/pathFollower/pathFollower.o
 .debug_frame   0x00000c60       0xb4 lib/tools/labyrinth/labyrinth.o

.debug_str      0x00000000     0x1c8a
 *(.debug_str)
 .debug_str     0x00000000      0x3e6 C:/Program Files (x86)/Atmel/Studio/7.0/Packs/atmel/ATmega_DFP/1.7.374/gcc/dev/atmega1280/avr51/crtatmega1280.o
 .debug_str     0x000003e6      0x253 src/Bumper.o
                                0x296 (size before relaxing)
 .debug_str     0x00000639      0x241 src/Encoder.o
                                0x445 (size before relaxing)
 .debug_str     0x0000087a       0x67 src/IR.o
                                0x1c9 (size before relaxing)
 .debug_str     0x000008e1      0x741 src/main.o
                                0xbaa (size before relaxing)
 .debug_str     0x00001022      0x26a src/OwnLaby.o
                                0x621 (size before relaxing)
 .debug_str     0x0000128c       0x58 src/path.o
                                0x26c (size before relaxing)
 .debug_str     0x000012e4       0x76 src/Position.o
                                0x338 (size before relaxing)
 .debug_str     0x0000135a       0x8b src/RobotControl.o
                                0x418 (size before relaxing)
 .debug_str     0x000013e5       0x63 src/badISR.o
                                0x1c4 (size before relaxing)
 .debug_str     0x00001448       0x51 lib/tools/timeTask/timeTask.o
                                0x268 (size before relaxing)
 .debug_str     0x00001499       0x55 lib/motor/motor.o
                                0x20d (size before relaxing)
 .debug_str     0x000014ee      0x115 lib/io/uart/uart.o
                                0x2e2 (size before relaxing)
 .debug_str     0x00001603       0xd3 lib/io/adc/adc.o
                                0x2b7 (size before relaxing)
 .debug_str     0x000016d6      0x14c lib/communication/communication.o
                                0x53c (size before relaxing)
 .debug_str     0x00001822      0x3ca lib/pathFollower/pathFollower.o
                                0x899 (size before relaxing)
 .debug_str     0x00001bec       0x9e lib/tools/labyrinth/labyrinth.o
                                0x30a (size before relaxing)

.debug_loc      0x00000000     0x511f
 *(.debug_loc)
 .debug_loc     0x00000000       0x4f src/Bumper.o
 .debug_loc     0x0000004f      0x2b9 src/Encoder.o
 .debug_loc     0x00000308       0x2f src/IR.o
 .debug_loc     0x00000337      0x4ed src/main.o
 .debug_loc     0x00000824     0x1247 src/OwnLaby.o
 .debug_loc     0x00001a6b      0x51c src/path.o
 .debug_loc     0x00001f87      0x2b1 src/Position.o
 .debug_loc     0x00002238       0xed src/RobotControl.o
 .debug_loc     0x00002325       0x77 src/badISR.o
 .debug_loc     0x0000239c      0x11b lib/tools/timeTask/timeTask.o
 .debug_loc     0x000024b7       0xfb lib/motor/motor.o
 .debug_loc     0x000025b2       0xf5 lib/io/uart/uart.o
 .debug_loc     0x000026a7      0x2cc lib/io/adc/adc.o
 .debug_loc     0x00002973      0xbcb lib/communication/communication.o
 .debug_loc     0x0000353e     0x16bc lib/pathFollower/pathFollower.o
 .debug_loc     0x00004bfa      0x525 lib/tools/labyrinth/labyrinth.o

.debug_macinfo
 *(.debug_macinfo)

.debug_weaknames
 *(.debug_weaknames)

.debug_funcnames
 *(.debug_funcnames)

.debug_typenames
 *(.debug_typenames)

.debug_varnames
 *(.debug_varnames)

.debug_pubtypes
 *(.debug_pubtypes)

.debug_ranges   0x00000000      0x660
 *(.debug_ranges)
 .debug_ranges  0x00000000       0x28 src/Bumper.o
 .debug_ranges  0x00000028       0x48 src/Encoder.o
 .debug_ranges  0x00000070       0x18 src/IR.o
 .debug_ranges  0x00000088       0x48 src/main.o
 .debug_ranges  0x000000d0      0x140 src/OwnLaby.o
 .debug_ranges  0x00000210       0x18 src/path.o
 .debug_ranges  0x00000228       0x68 src/Position.o
 .debug_ranges  0x00000290       0x70 src/RobotControl.o
 .debug_ranges  0x00000300       0x10 src/badISR.o
 .debug_ranges  0x00000310       0x28 lib/tools/timeTask/timeTask.o
 .debug_ranges  0x00000338       0x40 lib/motor/motor.o
 .debug_ranges  0x00000378       0x60 lib/io/uart/uart.o
 .debug_ranges  0x000003d8       0x48 lib/io/adc/adc.o
 .debug_ranges  0x00000420       0xd8 lib/communication/communication.o
 .debug_ranges  0x000004f8      0x108 lib/pathFollower/pathFollower.o
 .debug_ranges  0x00000600       0x60 lib/tools/labyrinth/labyrinth.o

.debug_macro
 *(.debug_macro)
OUTPUT(HWPRobot.elf elf32-avr)
LOAD linker stubs
