Archive member included to satisfy reference by file (symbol)

c:/program files (x86)/atmel/studio/7.0/toolchain/avr8/avr8-gnu-toolchain/bin/../lib/gcc/avr/5.4.0/../../../../avr/lib/avr51\libm.a(addsf3.o)
                              src/Encoder.o (__subsf3)
c:/program files (x86)/atmel/studio/7.0/toolchain/avr8/avr8-gnu-toolchain/bin/../lib/gcc/avr/5.4.0/../../../../avr/lib/avr51\libm.a(addsf3x.o)
                              c:/program files (x86)/atmel/studio/7.0/toolchain/avr8/avr8-gnu-toolchain/bin/../lib/gcc/avr/5.4.0/../../../../avr/lib/avr51\libm.a(addsf3.o) (__addsf3x)
c:/program files (x86)/atmel/studio/7.0/toolchain/avr8/avr8-gnu-toolchain/bin/../lib/gcc/avr/5.4.0/../../../../avr/lib/avr51\libm.a(atan2.o)
                              src/path.o (atan2)
c:/program files (x86)/atmel/studio/7.0/toolchain/avr8/avr8-gnu-toolchain/bin/../lib/gcc/avr/5.4.0/../../../../avr/lib/avr51\libm.a(atan.o)
                              c:/program files (x86)/atmel/studio/7.0/toolchain/avr8/avr8-gnu-toolchain/bin/../lib/gcc/avr/5.4.0/../../../../avr/lib/avr51\libm.a(atan2.o) (atan)
c:/program files (x86)/atmel/studio/7.0/toolchain/avr8/avr8-gnu-toolchain/bin/../lib/gcc/avr/5.4.0/../../../../avr/lib/avr51\libm.a(cmpsf2.o)
                              src/Encoder.o (__ltsf2)
c:/program files (x86)/atmel/studio/7.0/toolchain/avr8/avr8-gnu-toolchain/bin/../lib/gcc/avr/5.4.0/../../../../avr/lib/avr51\libm.a(cos.o)
                              src/Position.o (cos)
c:/program files (x86)/atmel/studio/7.0/toolchain/avr8/avr8-gnu-toolchain/bin/../lib/gcc/avr/5.4.0/../../../../avr/lib/avr51\libm.a(divsf3.o)
                              src/Encoder.o (__divsf3)
c:/program files (x86)/atmel/studio/7.0/toolchain/avr8/avr8-gnu-toolchain/bin/../lib/gcc/avr/5.4.0/../../../../avr/lib/avr51\libm.a(divsf3x.o)
                              c:/program files (x86)/atmel/studio/7.0/toolchain/avr8/avr8-gnu-toolchain/bin/../lib/gcc/avr/5.4.0/../../../../avr/lib/avr51\libm.a(divsf3.o) (__divsf3x)
c:/program files (x86)/atmel/studio/7.0/toolchain/avr8/avr8-gnu-toolchain/bin/../lib/gcc/avr/5.4.0/../../../../avr/lib/avr51\libm.a(fixsfsi.o)
                              src/Encoder.o (__fixsfsi)
c:/program files (x86)/atmel/studio/7.0/toolchain/avr8/avr8-gnu-toolchain/bin/../lib/gcc/avr/5.4.0/../../../../avr/lib/avr51\libm.a(fixunssfsi.o)
                              src/IR.o (__fixunssfsi)
c:/program files (x86)/atmel/studio/7.0/toolchain/avr8/avr8-gnu-toolchain/bin/../lib/gcc/avr/5.4.0/../../../../avr/lib/avr51\libm.a(floatsisf.o)
                              src/IR.o (__floatunsisf)
c:/program files (x86)/atmel/studio/7.0/toolchain/avr8/avr8-gnu-toolchain/bin/../lib/gcc/avr/5.4.0/../../../../avr/lib/avr51\libm.a(floor.o)
                              src/OwnLaby.o (floor)
c:/program files (x86)/atmel/studio/7.0/toolchain/avr8/avr8-gnu-toolchain/bin/../lib/gcc/avr/5.4.0/../../../../avr/lib/avr51\libm.a(fma.o)
                              lib/pathFollower/pathFollower.o (fma)
c:/program files (x86)/atmel/studio/7.0/toolchain/avr8/avr8-gnu-toolchain/bin/../lib/gcc/avr/5.4.0/../../../../avr/lib/avr51\libm.a(fp_cmp.o)
                              c:/program files (x86)/atmel/studio/7.0/toolchain/avr8/avr8-gnu-toolchain/bin/../lib/gcc/avr/5.4.0/../../../../avr/lib/avr51\libm.a(cmpsf2.o) (__fp_cmp)
c:/program files (x86)/atmel/studio/7.0/toolchain/avr8/avr8-gnu-toolchain/bin/../lib/gcc/avr/5.4.0/../../../../avr/lib/avr51\libm.a(fp_inf.o)
                              c:/program files (x86)/atmel/studio/7.0/toolchain/avr8/avr8-gnu-toolchain/bin/../lib/gcc/avr/5.4.0/../../../../avr/lib/avr51\libm.a(addsf3x.o) (__fp_inf)
c:/program files (x86)/atmel/studio/7.0/toolchain/avr8/avr8-gnu-toolchain/bin/../lib/gcc/avr/5.4.0/../../../../avr/lib/avr51\libm.a(fp_mintl.o)
                              c:/program files (x86)/atmel/studio/7.0/toolchain/avr8/avr8-gnu-toolchain/bin/../lib/gcc/avr/5.4.0/../../../../avr/lib/avr51\libm.a(floor.o) (__fp_mintl)
c:/program files (x86)/atmel/studio/7.0/toolchain/avr8/avr8-gnu-toolchain/bin/../lib/gcc/avr/5.4.0/../../../../avr/lib/avr51\libm.a(fp_mpack.o)
                              c:/program files (x86)/atmel/studio/7.0/toolchain/avr8/avr8-gnu-toolchain/bin/../lib/gcc/avr/5.4.0/../../../../avr/lib/avr51\libm.a(floor.o) (__fp_mpack)
c:/program files (x86)/atmel/studio/7.0/toolchain/avr8/avr8-gnu-toolchain/bin/../lib/gcc/avr/5.4.0/../../../../avr/lib/avr51\libm.a(fp_nan.o)
                              c:/program files (x86)/atmel/studio/7.0/toolchain/avr8/avr8-gnu-toolchain/bin/../lib/gcc/avr/5.4.0/../../../../avr/lib/avr51\libm.a(addsf3x.o) (__fp_nan)
c:/program files (x86)/atmel/studio/7.0/toolchain/avr8/avr8-gnu-toolchain/bin/../lib/gcc/avr/5.4.0/../../../../avr/lib/avr51\libm.a(fp_powser.o)
                              c:/program files (x86)/atmel/studio/7.0/toolchain/avr8/avr8-gnu-toolchain/bin/../lib/gcc/avr/5.4.0/../../../../avr/lib/avr51\libm.a(atan.o) (__fp_powser)
[...]
Memory Configuration

Name             Origin             Length             Attributes
text             0x00000000         0x00020000         xr
data             0x00800200         0x00002000         rw !x
eeprom           0x00810000         0x00001000         rw !x
fuse             0x00820000         0x00000003         rw !x
lock             0x00830000         0x00000400         rw !x
signature        0x00840000         0x00000400         rw !x
user_signatures  0x00850000         0x00000400         rw !x
*default*        0x00000000         0xffffffff

Linker script and memory map

Address of section .data set to 0x800200
LOAD C:/Program Files (x86)/Atmel/Studio/7.0/Packs/atmel/ATmega_DFP/1.7.374/gcc/dev/atmega1280/avr51/crtatmega1280.o
LOAD src/Bumper.o
LOAD src/Encoder.o
LOAD src/IR.o
LOAD src/main.o
LOAD src/OwnLaby.o
LOAD src/path.o
LOAD src/Position.o
LOAD src/RobotControl.o
LOAD src/badISR.o
LOAD lib/tools/timeTask/timeTask.o
LOAD lib/tools/timeTask/timeTask_isr.o
LOAD lib/motor/motor.o
LOAD lib/io/uart/uart_isr.o
LOAD lib/io/uart/uart.o
LOAD lib/io/i2c/i2c.o
LOAD lib/io/adc/adc_isr.o
LOAD lib/io/adc/adc.o
LOAD lib/communication/communication.o
LOAD lib/tools/remoteDataProcessing/remoteDataProcessing.o
LOAD lib/pathFollower/pathFollower.o
LOAD lib/tools/labyrinth/labyrinth.o
START GROUP
LOAD c:/program files (x86)/atmel/studio/7.0/toolchain/avr8/avr8-gnu-toolchain/bin/../lib/gcc/avr/5.4.0/../../../../avr/lib/avr51\libm.a
END GROUP
START GROUP
LOAD c:/program files (x86)/atmel/studio/7.0/toolchain/avr8/avr8-gnu-toolchain/bin/../lib/gcc/avr/5.4.0/avr51\libgcc.a
LOAD c:/program files (x86)/atmel/studio/7.0/toolchain/avr8/avr8-gnu-toolchain/bin/../lib/gcc/avr/5.4.0/../../../../avr/lib/avr51\libm.a
LOAD c:/program files (x86)/atmel/studio/7.0/toolchain/avr8/avr8-gnu-toolchain/bin/../lib/gcc/avr/5.4.0/../../../../avr/lib/avr51\libc.a
LOAD C:/Program Files (x86)/Atmel/Studio/7.0/Packs/atmel/ATmega_DFP/1.7.374/gcc/dev/atmega1280/avr51\libatmega1280.a
END GROUP
                0x00000000                __TEXT_REGION_ORIGIN__ = DEFINED (__TEXT_REGION_ORIGIN__)?__TEXT_REGION_ORIGIN__:0x0
                [0x00800200]                __DATA_REGION_ORIGIN__ = DEFINED (__DATA_REGION_ORIGIN__)?__DATA_REGION_ORIGIN__:0x800100
                [0x00020000]                __TEXT_REGION_LENGTH__ = DEFINED (__TEXT_REGION_LENGTH__)?__TEXT_REGION_LENGTH__:0x20000
                [0x00002000]                __DATA_REGION_LENGTH__ = DEFINED (__DATA_REGION_LENGTH__)?__DATA_REGION_LENGTH__:0xff00
                [0x00001000]                __EEPROM_REGION_LENGTH__ = DEFINED (__EEPROM_REGION_LENGTH__)?__EEPROM_REGION_LENGTH__:0x10000
                [0x00000003]                __FUSE_REGION_LENGTH__ = DEFINED (__FUSE_REGION_LENGTH__)?__FUSE_REGION_LENGTH__:0x400
                0x00000400                __LOCK_REGION_LENGTH__ = DEFINED (__LOCK_REGION_LENGTH__)?__LOCK_REGION_LENGTH__:0x400
                0x00000400                __SIGNATURE_REGION_LENGTH__ = DEFINED (__SIGNATURE_REGION_LENGTH__)?__SIGNATURE_REGION_LENGTH__:0x400
                0x00000400                __USER_SIGNATURE_REGION_LENGTH__ = DEFINED (__USER_SIGNATURE_REGION_LENGTH__)?__USER_SIGNATURE_REGION_LENGTH__:0x400

.hash
 *(.hash)

.dynsym
 *(.dynsym)

.dynstr
 *(.dynstr)

.gnu.version
 *(.gnu.version)

.gnu.version_d
 *(.gnu.version_d)

.gnu.version_r
 *(.gnu.version_r)

.rel.init
 *(.rel.init)

.rela.init
 *(.rela.init)

.rel.text
 *(.rel.text)
 *(.rel.text.*)
 *(.rel.gnu.linkonce.t*)

.rela.text
 *(.rela.text)
 *(.rela.text.*)
 *(.rela.gnu.linkonce.t*)

.rel.fini
 *(.rel.fini)

.rela.fini
 *(.rela.fini)

.rel.rodata
 *(.rel.rodata)
 *(.rel.rodata.*)
 *(.rel.gnu.linkonce.r*)

.rela.rodata
 *(.rela.rodata)
 *(.rela.rodata.*)
 *(.rela.gnu.linkonce.r*)

.rel.data
 *(.rel.data)
 *(.rel.data.*)
 *(.rel.gnu.linkonce.d*)

.rela.data
 *(.rela.data)
 *(.rela.data.*)
 *(.rela.gnu.linkonce.d*)

.rel.ctors
 *(.rel.ctors)

.rela.ctors
 *(.rela.ctors)

.rel.dtors
 *(.rel.dtors)

.rela.dtors
 *(.rela.dtors)

.rel.got
 *(.rel.got)

.rela.got
 *(.rela.got)

.rel.bss
 *(.rel.bss)

.rela.bss
 *(.rela.bss)

.rel.plt
 *(.rel.plt)

.rela.plt
 *(.rela.plt)

.text           0x00000000     0x494e
 *(.vectors)
 .vectors       0x00000000       0xe4 C:/Program Files (x86)/Atmel/Studio/7.0/Packs/atmel/ATmega_DFP/1.7.374/gcc/dev/atmega1280/avr51/crtatmega1280.o
                0x00000000                __vectors
 *(.vectors)
 *(.progmem.gcc*)
 .progmem.gcc_sw_table.commUserCommand
                0x000000e4        0xe src/main.o
 .progmem.gcc_sw_table.stateMachine
                0x000000f2       0x12 src/RobotControl.o
 .progmem.gcc_fplib
                0x00000104       0x2d c:/program files (x86)/atmel/studio/7.0/toolchain/avr8/avr8-gnu-toolchain/bin/../lib/gcc/avr/5.4.0/../../../../avr/lib/avr51\libm.a(atan.o)
                0x00000132                . = ALIGN (0x2)
 *fill*         0x00000131        0x1 
                0x00000132                __trampolines_start = .
 *(.trampolines)
 .trampolines   0x00000132        0x0 linker stubs
 *(.trampolines*)
                0x00000132                __trampolines_end = .
 *libprintf_flt.a:*(.progmem.data)
 *libc.a:*(.progmem.data)
 *(.progmem*)
 .progmem.data.__c.2645
                0x00000132        0x7 src/main.o
 .progmem.data.__c.2507
                0x00000139       0x2d lib/pathFollower/pathFollower.o
 .progmem.data.__c.2491
                0x00000166       0x14 lib/pathFollower/pathFollower.o
 .progmem.data.__c.2489
                0x0000017a       0x33 lib/pathFollower/pathFollower.o
 .progmem.data.__c.2444
                0x000001ad       0x18 lib/pathFollower/pathFollower.o
 .progmem.data.__c.2437
                0x000001c5        0xf lib/pathFollower/pathFollower.o
 .progmem.data.__c.2435
                0x000001d4       0x10 lib/pathFollower/pathFollower.o
 .progmem.data.__c.2433
                0x000001e4       0x11 lib/pathFollower/pathFollower.o
 .progmem.data.__c.2431
                0x000001f5       0x12 lib/pathFollower/pathFollower.o
 .progmem.data.__c.2429
                0x00000207       0x2b lib/pathFollower/pathFollower.o
 .progmem.data.__c.2427
                0x00000232       0x33 lib/pathFollower/pathFollower.o
                0x00000266                . = ALIGN (0x2)
 *fill*         0x00000265        0x1 
 *(.jumptables)
 *(.jumptables*)
 *(.lowtext)
 *(.lowtext*)
                0x00000266                __ctors_start = .
 *(.ctors)
                0x00000266                __ctors_end = .
                0x00000266                __dtors_start = .
 *(.dtors)
                0x00000266                __dtors_end = .
 SORT(*)(.ctors)
 SORT(*)(.dtors)
 *(.init0)
 .init0         0x00000266        0x0 C:/Program Files (x86)/Atmel/Studio/7.0/Packs/atmel/ATmega_DFP/1.7.374/gcc/dev/atmega1280/avr51/crtatmega1280.o
                0x00000266                __init
 *(.init0)
 *(.init1)
 *(.init1)
 *(.init2)
 .init2         0x00000266        0xc C:/Program Files (x86)/Atmel/Studio/7.0/Packs/atmel/ATmega_DFP/1.7.374/gcc/dev/atmega1280/avr51/crtatmega1280.o
 *(.init2)
 *(.init3)
 .init3         0x00000272        0x2 lib/tools/timeTask/timeTask.o
                0x00000272                init_GPIOR0
 *(.init3)
 *(.init4)
 .init4         0x00000274       0x1a c:/program files (x86)/atmel/studio/7.0/toolchain/avr8/avr8-gnu-toolchain/bin/../lib/gcc/avr/5.4.0/avr51\libgcc.a(_copy_data.o)
                0x00000274                __do_copy_data
 .init4         0x0000028e       0x10 c:/program files (x86)/atmel/studio/7.0/toolchain/avr8/avr8-gnu-toolchain/bin/../lib/gcc/avr/5.4.0/avr51\libgcc.a(_clear_bss.o)
                0x0000028e                __do_clear_bss
 *(.init4)
 *(.init5)
 *(.init5)
 *(.init6)
 *(.init6)
 *(.init7)
 *(.init7)
 *(.init8)
 *(.init8)
 *(.init9)
 .init9         0x0000029e        0x8 C:/Program Files (x86)/Atmel/Studio/7.0/Packs/atmel/ATmega_DFP/1.7.374/gcc/dev/atmega1280/avr51/crtatmega1280.o
 *(.init9)
 *(.text)
 .text          0x000002a6        0x4 C:/Program Files (x86)/Atmel/Studio/7.0/Packs/atmel/ATmega_DFP/1.7.374/gcc/dev/atmega1280/avr51/crtatmega1280.o
                0x000002a6                __vector_38
                0x000002a6                __vector_22
                0x000002a6                __vector_28
                0x000002a6                __vector_1
                0x000002a6                __vector_32
                0x000002a6                __vector_34
                0x000002a6                __vector_24
                0x000002a6                __vector_12
                0x000002a6                __vector_55
                0x000002a6                __vector_46
                0x000002a6                __bad_interrupt
                0x000002a6                __vector_6
                0x000002a6                __vector_31
                0x000002a6                __vector_35
                0x000002a6                __vector_39
                0x000002a6                __vector_3
                0x000002a6                __vector_23
                0x000002a6                __vector_30
                0x000002a6                __vector_45
                0x000002a6                __vector_25
                0x000002a6                __vector_11
                0x000002a6                __vector_54
                0x000002a6                __vector_13
                0x000002a6                __vector_17
                0x000002a6                __vector_19
                0x000002a6                __vector_56
                0x000002a6                __vector_7
                0x000002a6                __vector_49
                0x000002a6                __vector_41
                0x000002a6                __vector_43
                0x000002a6                __vector_27
                0x000002a6                __vector_5
                0x000002a6                __vector_33
                0x000002a6                __vector_52
                0x000002a6                __vector_4
                0x000002a6                __vector_44
                0x000002a6                __vector_51
                0x000002a6                __vector_2
                0x000002a6                __vector_21
                0x000002a6                __vector_15
                0x000002a6                __vector_40
                0x000002a6                __vector_8
                0x000002a6                __vector_26
                0x000002a6                __vector_48
                0x000002a6                __vector_14
                0x000002a6                __vector_53
                0x000002a6                __vector_10
                0x000002a6                __vector_50
                0x000002a6                __vector_16
                0x000002a6                __vector_18
                0x000002a6                __vector_20
                0x000002a6                __vector_42
 .text          0x000002aa       0x6c lib/tools/timeTask/timeTask_isr.o
                0x000002aa                __vector_47
 .text          0x00000316       0x78 lib/io/uart/uart_isr.o
                0x00000316                __vector_36
                0x00000354                __vector_37
 .text          0x0000038e       0x9a lib/io/adc/adc_isr.o
                0x0000038e                __vector_29
                0x00000428                . = ALIGN (0x2)
 *(.text.*)
 .text.bumper_init
                0x00000428       0x20 src/Bumper.o
                0x00000428                bumper_init
 .text.bumper_getBumpers
                0x00000448        0x6 src/Bumper.o
                0x00000448                bumper_getBumpers
 .text.bumper_getContacts
                0x0000044e        0x6 src/Bumper.o
                0x0000044e                bumper_getContacts
 .text.bumper_checkCollision
                0x00000454       0x68 src/Bumper.o
                0x00000454                bumper_checkCollision
 .text.calcStopCounter_Drive
                0x000004bc      0x112 src/Encoder.o
                0x000004bc                calcStopCounter_Drive
 .text.encoder_init
                0x000005ce       0x28 src/Encoder.o
                0x000005ce                encoder_init
 .text.encoder_getCounterL
                0x000005f6        0xa src/Encoder.o
                0x000005f6                encoder_getCounterL
 .text.encoder_getCounterR
                0x00000600        0xa src/Encoder.o
                0x00000600                encoder_getCounterR
 .text.__vector_9
                0x0000060a      0x2e4 src/Encoder.o
                0x0000060a                __vector_9
 .text.IR_getIR_value
                0x000008ee        0x6 src/IR.o
                0x000008ee                IR_getIR_value
 .text.commSendRobotParams
                0x000008f4        0x4 src/main.o
                0x000008f4                commSendRobotParams
 .text.commSetAprilTagPose
                0x000008f8        0x4 src/main.o
                0x000008f8                commSetAprilTagPose
 .text.commUserCommand
                0x000008fc      0x122 src/main.o
 .text.commDebug
                0x00000a1e       0x20 src/main.o
 .text.startup.main
                0x00000a3e      0x32e src/main.o
                0x00000a3e                main
 .text.ownLaby_getPose
                0x00000d6c        0x6 src/OwnLaby.o
                0x00000d6c                ownLaby_getPose
 .text.ownLaby_setPose
                0x00000d72      0x144 src/OwnLaby.o
                0x00000d72                ownLaby_setPose
 .text.ownLaby_getRobotPose
                0x00000eb6        0x6 src/OwnLaby.o
                0x00000eb6                ownLaby_getRobotPose
 .text.ownLaby_setRobotPose
                0x00000ebc      0x108 src/OwnLaby.o
                0x00000ebc                ownLaby_setRobotPose
 .text.ownLaby_init
                0x00000fc4       0x28 src/OwnLaby.o
                0x00000fc4                ownLaby_init
 .text.robot_rotate
                0x00000fec       0x20 src/OwnLaby.o
                0x00000fec                robot_rotate
 .text.robot_isWall
                0x0000100c       0xf0 src/OwnLaby.o
                0x0000100c                robot_isWall
 .text.robot_move.part.0
                0x000010fc       0x16 src/OwnLaby.o
 .text.ownLaby_explore
                0x00001112      0x590 src/OwnLaby.o
                0x00001112                ownLaby_explore
 .text.calcDifAngle
                0x000016a2       0xc8 src/path.o
                0x000016a2                calcDifAngle
 .text.calculateDriveCommand
                0x0000176a      0x150 src/path.o
                0x0000176a                calculateDriveCommand
 .text.position_setRobotParams
                0x000018ba       0x12 src/Position.o
                0x000018ba                position_setRobotParams
 .text.position_getAprilTagPose
                0x000018cc        0xa src/Position.o
                0x000018cc                position_getAprilTagPose
 .text.position_setAprilTagPose
                0x000018d6        0xa src/Position.o
                0x000018d6                position_setAprilTagPose
 .text.position_getExpectedPose
                0x000018e0        0x6 src/Position.o
                0x000018e0                position_getExpectedPose
 .text.position_setExpectedPose
                0x000018e6       0x42 src/Position.o
                0x000018e6                position_setExpectedPose
 .text.setState
                0x00001928        0x6 src/RobotControl.o
                0x00001928                setState
 .text.getState
                0x0000192e        0x6 src/RobotControl.o
                0x0000192e                getState
 .text.wait_90  0x00001934       0x46 src/RobotControl.o
                0x00001934                wait_90
 .text.checkSensors
                0x0000197a       0x1a src/RobotControl.o
                0x0000197a                checkSensors
 .text.stateMachine
                0x00001994       0x52 src/RobotControl.o
                0x00001994                stateMachine
 .text.__vector_default
                0x000019e6       0x30 src/badISR.o
                0x000019e6                __vector_default
 .text.timeTask_init
                0x00001a16       0x44 lib/tools/timeTask/timeTask.o
                0x00001a16                timeTask_init
 .text.timeTask_getTimestamp
                0x00001a5a       0x2e lib/tools/timeTask/timeTask.o
                0x00001a5a                timeTask_getTimestamp
 .text.timeTask_getDuration
                0x00001a88       0x58 lib/tools/timeTask/timeTask.o
                0x00001a88                timeTask_getDuration
 .text.Motor_init
                0x00001ae0       0x98 lib/motor/motor.o
                0x00001ae0                Motor_init
 .text.Motor_setPWM
                0x00001b78       0x70 lib/motor/motor.o
                0x00001b78                Motor_setPWM
 .text.Motor_stopAll
                0x00001be8       0x2c lib/motor/motor.o
                0x00001be8                Motor_stopAll
 .text.uart_write1
                0x00001c14       0x24 lib/io/uart/uart.o
                0x00001c14                uart_write1
 .text.uart_read1
                0x00001c38       0x24 lib/io/uart/uart.o
                0x00001c38                uart_read1
 .text.uart_available1
                0x00001c5c       0x12 lib/io/uart/uart.o
                0x00001c5c                uart_available1
 .text.uart_init
                0x00001c6e       0x26 lib/io/uart/uart.o
                0x00001c6e                uart_init
 .text.ADC_init
                0x00001c94       0xc2 lib/io/adc/adc.o
                0x00001c94                ADC_init
 .text.ADC_getFilteredValue
                0x00001d56       0x2c lib/io/adc/adc.o
                0x00001d56                ADC_getFilteredValue
 .text.readPackets
                0x00001d82      0x182 lib/communication/communication.o
 .text.communication_init
                0x00001f04       0x10 lib/communication/communication.o
                0x00001f04                communication_init
 .text.communication_setCallback
                0x00001f14       0x12 lib/communication/communication.o
                0x00001f14                communication_setCallback
 .text.communication_writePacket
                0x00001f26       0xe4 lib/communication/communication.o
                0x00001f26                communication_writePacket
 .text.communication_log
                0x0000200a       0x74 lib/communication/communication.o
                0x0000200a                communication_log
 .text.communication_log_P
                0x0000207e       0x74 lib/communication/communication.o
                0x0000207e                communication_log_P
 .text.communication_readPackets
                0x000020f2        0xe lib/communication/communication.o
                0x000020f2                communication_readPackets
 .text.commPathFollowerParameters
                0x00002100       0x62 lib/pathFollower/pathFollower.o
                0x00002100                commPathFollowerParameters
 .text.setPath  0x00002162      0x182 lib/pathFollower/pathFollower.o
 .text.commPathFollower
                0x000022e4      0x12e lib/pathFollower/pathFollower.o
                0x000022e4                commPathFollower
 .text.pathFollower_init
                0x00002412       0x14 lib/pathFollower/pathFollower.o
                0x00002412                pathFollower_init
 .text.pathFollower_setNewPath
                0x00002426        0xc lib/pathFollower/pathFollower.o
                0x00002426                pathFollower_setNewPath
 .text.pathFollower_command
                0x00002432       0x4c lib/pathFollower/pathFollower.o
                0x00002432                pathFollower_command
 .text.pathFollower_update
                0x0000247e     0x10cc lib/pathFollower/pathFollower.o
                0x0000247e                pathFollower_update
 .text.pathFollower_getStatus
                0x0000354a        0x6 lib/pathFollower/pathFollower.o
                0x0000354a                pathFollower_getStatus
 .text.labyrinth_getWallIndex.part.0
                0x00003550       0x4a lib/tools/labyrinth/labyrinth.o
 .text.labyrinth_getWalls
                0x0000359a       0xea lib/tools/labyrinth/labyrinth.o
                0x0000359a                labyrinth_getWalls
 .text.labyrinth_setWalls
                0x00003684      0x15e lib/tools/labyrinth/labyrinth.o
                0x00003684                labyrinth_setWalls
 .text.labyrinth_getAllWalls
                0x000037e2        0x6 lib/tools/labyrinth/labyrinth.o
                0x000037e2                labyrinth_getAllWalls
 .text.avr-libc.fplib
                0x000037e8        0xe c:/program files (x86)/atmel/studio/7.0/toolchain/avr8/avr8-gnu-toolchain/bin/../lib/gcc/avr/5.4.0/../../../../avr/lib/avr51\libm.a(addsf3.o)
                0x000037e8                __subsf3
                0x000037ea                __addsf3
 .text.avr-libc.fplib
                0x000037f6       0xcc c:/program files (x86)/atmel/studio/7.0/toolchain/avr8/avr8-gnu-toolchain/bin/../lib/gcc/avr/5.4.0/../../../../avr/lib/avr51\libm.a(addsf3x.o)
                0x00003818                __addsf3x
 .text.avr-libc.fplib
                0x000038c2       0x86 c:/program files (x86)/atmel/studio/7.0/toolchain/avr8/avr8-gnu-toolchain/bin/../lib/gcc/avr/5.4.0/../../../../avr/lib/avr51\libm.a(atan2.o)
                0x000038e8                atan2
 .text.avr-libc.fplib
                0x00003948       0x5e c:/program files (x86)/atmel/studio/7.0/toolchain/avr8/avr8-gnu-toolchain/bin/../lib/gcc/avr/5.4.0/../../../../avr/lib/avr51\libm.a(atan.o)
                0x00003948                atan
 .text.avr-libc.fplib
                0x000039a6        0xa c:/program files (x86)/atmel/studio/7.0/toolchain/avr8/avr8-gnu-toolchain/bin/../lib/gcc/avr/5.4.0/../../../../avr/lib/avr51\libm.a(cmpsf2.o)
                0x000039a6                __nesf2
                0x000039a6                __eqsf2
                0x000039a6                __cmpsf2
                0x000039a6                __ltsf2
                0x000039a6                __lesf2
 .text.avr-libc.fplib
                0x000039b0        0x8 c:/program files (x86)/atmel/studio/7.0/toolchain/avr8/avr8-gnu-toolchain/bin/../lib/gcc/avr/5.4.0/../../../../avr/lib/avr51\libm.a(divsf3.o)
                0x000039b0                __divsf3
 .text.avr-libc.fplib
                0x000039b8       0xdc c:/program files (x86)/atmel/studio/7.0/toolchain/avr8/avr8-gnu-toolchain/bin/../lib/gcc/avr/5.4.0/../../../../avr/lib/avr51\libm.a(divsf3x.o)
                0x000039d8                __divsf3x
                0x000039de                __divsf3_pse
 .text.avr-libc.fplib
                0x00003a94        0xe c:/program files (x86)/atmel/studio/7.0/toolchain/avr8/avr8-gnu-toolchain/bin/../lib/gcc/avr/5.4.0/../../../../avr/lib/avr51\libm.a(fixsfsi.o)
                0x00003a94                __fixsfsi
 .text.avr-libc.fplib
                0x00003aa2       0x5e c:/program files (x86)/atmel/studio/7.0/toolchain/avr8/avr8-gnu-toolchain/bin/../lib/gcc/avr/5.4.0/../../../../avr/lib/avr51\libm.a(fixunssfsi.o)
                0x00003aa2                __fixunssfsi
 .text.avr-libc.fplib
                0x00003b00       0x7a c:/program files (x86)/atmel/studio/7.0/toolchain/avr8/avr8-gnu-toolchain/bin/../lib/gcc/avr/5.4.0/../../../../avr/lib/avr51\libm.a(floatsisf.o)
                0x00003b00                __floatunsisf
                0x00003b04                __floatsisf
 .text.avr-libc.fplib
                0x00003b7a       0x2e c:/program files (x86)/atmel/studio/7.0/toolchain/avr8/avr8-gnu-toolchain/bin/../lib/gcc/avr/5.4.0/../../../../avr/lib/avr51\libm.a(floor.o)
                0x00003b7a                floor
 .text.avr-libc.fplib
                0x00003ba8       0x12 c:/program files (x86)/atmel/studio/7.0/toolchain/avr8/avr8-gnu-toolchain/bin/../lib/gcc/avr/5.4.0/../../../../avr/lib/avr51\libm.a(fma.o)
                0x00003ba8                fma
 .text.avr-libc.fplib
                0x00003bba       0x48 c:/program files (x86)/atmel/studio/7.0/toolchain/avr8/avr8-gnu-toolchain/bin/../lib/gcc/avr/5.4.0/../../../../avr/lib/avr51\libm.a(fp_cmp.o)
                0x00003bba                __fp_cmp
 .text.avr-libc.fplib
                0x00003c02        0xc c:/program files (x86)/atmel/studio/7.0/toolchain/avr8/avr8-gnu-toolchain/bin/../lib/gcc/avr/5.4.0/../../../../avr/lib/avr51\libm.a(fp_inf.o)
                0x00003c02                __fp_inf
 .text.avr-libc.fplib
                0x00003c0e       0x36 c:/program files (x86)/atmel/studio/7.0/toolchain/avr8/avr8-gnu-toolchain/bin/../lib/gcc/avr/5.4.0/../../../../avr/lib/avr51\libm.a(fp_mintl.o)
                0x00003c0e                __fp_mintl
 .text.avr-libc.fplib
                0x00003c44       0x1c c:/program files (x86)/atmel/studio/7.0/toolchain/avr8/avr8-gnu-toolchain/bin/../lib/gcc/avr/5.4.0/../../../../avr/lib/avr51\libm.a(fp_mpack.o)
                0x00003c44                __fp_mpack
                0x00003c48                __fp_mpack_finite
 .text.avr-libc.fplib
                0x00003c60        0x6 c:/program files (x86)/atmel/studio/7.0/toolchain/avr8/avr8-gnu-toolchain/bin/../lib/gcc/avr/5.4.0/../../../../avr/lib/avr51\libm.a(fp_nan.o)
                0x00003c60                __fp_nan
 .text.avr-libc.fplib
                0x00003c66       0x4e c:/program files (x86)/atmel/studio/7.0/toolchain/avr8/avr8-gnu-toolchain/bin/../lib/gcc/avr/5.4.0/../../../../avr/lib/avr51\libm.a(fp_powser.o)
                0x00003c66                __fp_powser
 .text.avr-libc.fplib
                0x00003cb4        0xe c:/program files (x86)/atmel/studio/7.0/toolchain/avr8/avr8-gnu-toolchain/bin/../lib/gcc/avr/5.4.0/../../../../avr/lib/avr51\libm.a(fp_pscA.o)
                0x00003cb4                __fp_pscA
 .text.avr-libc.fplib
                0x00003cc2        0xe c:/program files (x86)/atmel/studio/7.0/toolchain/avr8/avr8-gnu-toolchain/bin/../lib/gcc/avr/5.4.0/../../../../avr/lib/avr51\libm.a(fp_pscB.o)
                0x00003cc2                __fp_pscB
 .text.avr-libc.fplib
                0x00003cd0       0x22 c:/program files (x86)/atmel/studio/7.0/toolchain/avr8/avr8-gnu-toolchain/bin/../lib/gcc/avr/5.4.0/../../../../avr/lib/avr51\libm.a(fp_round.o)
                0x00003cd0                __fp_round
 .text.avr-libc.fplib
                0x00003cf2       0x44 c:/program files (x86)/atmel/studio/7.0/toolchain/avr8/avr8-gnu-toolchain/bin/../lib/gcc/avr/5.4.0/../../../../avr/lib/avr51\libm.a(fp_split3.o)
                0x00003cf2                __fp_split3
                0x00003d02                __fp_splitA
 .text.avr-libc.fplib
                0x00003d36       0x30 c:/program files (x86)/atmel/studio/7.0/toolchain/avr8/avr8-gnu-toolchain/bin/../lib/gcc/avr/5.4.0/../../../../avr/lib/avr51\libm.a(fp_trunc.o)
                0x00003d36                __fp_trunc
 .text.avr-libc.fplib
                0x00003d66        0xe c:/program files (x86)/atmel/studio/7.0/toolchain/avr8/avr8-gnu-toolchain/bin/../lib/gcc/avr/5.4.0/../../../../avr/lib/avr51\libm.a(fp_zero.o)
                0x00003d66                __fp_zero
                0x00003d68                __fp_szero
 .text.avr-libc.fplib
                0x00003d74        0xa c:/program files (x86)/atmel/studio/7.0/toolchain/avr8/avr8-gnu-toolchain/bin/../lib/gcc/avr/5.4.0/../../../../avr/lib/avr51\libm.a(gesf2.o)
                0x00003d74                __gesf2
                0x00003d74                __gtsf2
 .text.avr-libc.fplib
                0x00003d7e       0xda c:/program files (x86)/atmel/studio/7.0/toolchain/avr8/avr8-gnu-toolchain/bin/../lib/gcc/avr/5.4.0/../../../../avr/lib/avr51\libm.a(hypot.o)
                0x00003d9a                hypot
 .text.avr-libc.fplib
                0x00003e58       0x10 c:/program files (x86)/atmel/studio/7.0/toolchain/avr8/avr8-gnu-toolchain/bin/../lib/gcc/avr/5.4.0/../../../../avr/lib/avr51\libm.a(inverse.o)
                0x00003e58                inverse
 .text.avr-libc.fplib
                0x00003e68       0x74 c:/program files (x86)/atmel/studio/7.0/toolchain/avr8/avr8-gnu-toolchain/bin/../lib/gcc/avr/5.4.0/../../../../avr/lib/avr51\libm.a(ldexp.o)
                0x00003e70                ldexp
 .text.avr-libc.fplib
                0x00003edc        0x8 c:/program files (x86)/atmel/studio/7.0/toolchain/avr8/avr8-gnu-toolchain/bin/../lib/gcc/avr/5.4.0/../../../../avr/lib/avr51\libm.a(mulsf3.o)
                0x00003edc                __mulsf3
 .text.avr-libc.fplib
                0x00003ee4       0xd2 c:/program files (x86)/atmel/studio/7.0/toolchain/avr8/avr8-gnu-toolchain/bin/../lib/gcc/avr/5.4.0/../../../../avr/lib/avr51\libm.a(mulsf3x.o)
                0x00003f02                __mulsf3x
                0x00003f08                __mulsf3_pse
 .text.avr-libc.fplib
                0x00003fb6       0x8c c:/program files (x86)/atmel/studio/7.0/toolchain/avr8/avr8-gnu-toolchain/bin/../lib/gcc/avr/5.4.0/../../../../avr/lib/avr51\libm.a(sqrt.o)
                0x00003fc2                sqrtf
                0x00003fc2                sqrt
 .text.avr-libc.fplib
                0x00004042        0x8 c:/program files (x86)/atmel/studio/7.0/toolchain/avr8/avr8-gnu-toolchain/bin/../lib/gcc/avr/5.4.0/../../../../avr/lib/avr51\libm.a(square.o)
                0x00004042                square
 .text.avr-libc.fplib
                0x0000404a        0xe c:/program files (x86)/atmel/studio/7.0/toolchain/avr8/avr8-gnu-toolchain/bin/../lib/gcc/avr/5.4.0/../../../../avr/lib/avr51\libm.a(fp_norm2.o)
                0x0000404a                __fp_norm2
 .text.libgcc   0x00004058       0x12 c:/program files (x86)/atmel/studio/7.0/toolchain/avr8/avr8-gnu-toolchain/bin/../lib/gcc/avr/5.4.0/avr51\libgcc.a(_tablejump2.o)
                0x00004058                __tablejump2__
 .text.libgcc.mul
                0x0000406a       0x16 c:/program files (x86)/atmel/studio/7.0/toolchain/avr8/avr8-gnu-toolchain/bin/../lib/gcc/avr/5.4.0/avr51\libgcc.a(_muluhisi3.o)
                0x0000406a                __muluhisi3
 .text.libgcc.mul
                0x00004080       0x1e c:/program files (x86)/atmel/studio/7.0/toolchain/avr8/avr8-gnu-toolchain/bin/../lib/gcc/avr/5.4.0/avr51\libgcc.a(_umulhisi3.o)
                0x00004080                __umulhisi3
 .text.avr-libc
                0x0000409e      0x242 c:/program files (x86)/atmel/studio/7.0/toolchain/avr8/avr8-gnu-toolchain/bin/../lib/gcc/avr/5.4.0/../../../../avr/lib/avr51\libc.a(malloc.o)
                0x0000409e                malloc
                0x000041ce                free
 .text.avr-libc
                0x000042e0       0x12 c:/program files (x86)/atmel/studio/7.0/toolchain/avr8/avr8-gnu-toolchain/bin/../lib/gcc/avr/5.4.0/../../../../avr/lib/avr51\libc.a(memcpy.o)
                0x000042e0                memcpy
 .text.avr-libc
                0x000042f2       0x72 c:/program files (x86)/atmel/studio/7.0/toolchain/avr8/avr8-gnu-toolchain/bin/../lib/gcc/avr/5.4.0/../../../../avr/lib/avr51\libc.a(vsnprintf.o)
                0x000042f2                vsnprintf
 .text.avr-libc
                0x00004364       0x72 c:/program files (x86)/atmel/studio/7.0/toolchain/avr8/avr8-gnu-toolchain/bin/../lib/gcc/avr/5.4.0/../../../../avr/lib/avr51\libc.a(vsnprintf_p.o)
                0x00004364                vsnprintf_P
 .text.avr-libc
                0x000043d6      0x414 c:/program files (x86)/atmel/studio/7.0/toolchain/avr8/avr8-gnu-toolchain/bin/../lib/gcc/avr/5.4.0/../../../../avr/lib/avr51\libc.a(vfprintf_std.o)
                0x000043d6                vfprintf
 .text.avr-libc
                0x000047ea       0x16 c:/program files (x86)/atmel/studio/7.0/toolchain/avr8/avr8-gnu-toolchain/bin/../lib/gcc/avr/5.4.0/../../../../avr/lib/avr51\libc.a(strnlen_P.o)
                0x000047ea                strnlen_P
 .text.avr-libc
                0x00004800       0x16 c:/program files (x86)/atmel/studio/7.0/toolchain/avr8/avr8-gnu-toolchain/bin/../lib/gcc/avr/5.4.0/../../../../avr/lib/avr51\libc.a(strnlen.o)
                0x00004800                strnlen
 .text.avr-libc
                0x00004816       0x78 c:/program files (x86)/atmel/studio/7.0/toolchain/avr8/avr8-gnu-toolchain/bin/../lib/gcc/avr/5.4.0/../../../../avr/lib/avr51\libc.a(fputc.o)
                0x00004816                fputc
 .text.avr-libc
                0x0000488e       0xbc c:/program files (x86)/atmel/studio/7.0/toolchain/avr8/avr8-gnu-toolchain/bin/../lib/gcc/avr/5.4.0/../../../../avr/lib/avr51\libc.a(ultoa_invert.o)
                0x0000488e                __ultoa_invert
                0x0000494a                . = ALIGN (0x2)
 *(.fini9)
 .fini9         0x0000494a        0x0 c:/program files (x86)/atmel/studio/7.0/toolchain/avr8/avr8-gnu-toolchain/bin/../lib/gcc/avr/5.4.0/avr51\libgcc.a(_exit.o)
                0x0000494a                _exit
                0x0000494a                exit
 *(.fini9)
 *(.fini8)
 *(.fini8)
 *(.fini7)
 *(.fini7)
 *(.fini6)
 *(.fini6)
 *(.fini5)
 *(.fini5)
 *(.fini4)
 *(.fini4)
 *(.fini3)
 *(.fini3)
 *(.fini2)
 *(.fini2)
 *(.fini1)
 *(.fini1)
 *(.fini0)
 .fini0         0x0000494a        0x4 c:/program files (x86)/atmel/studio/7.0/toolchain/avr8/avr8-gnu-toolchain/bin/../lib/gcc/avr/5.4.0/avr51\libgcc.a(_exit.o)
 *(.fini0)
                0x0000494e                _etext = .

.data           0x00800200       0x64 load address 0x0000494e
                0x00800200                PROVIDE (__data_start, .)
 *(.data)
 .data          0x00800200        0x6 c:/program files (x86)/atmel/studio/7.0/toolchain/avr8/avr8-gnu-toolchain/bin/../lib/gcc/avr/5.4.0/../../../../avr/lib/avr51\libc.a(malloc.o)
                0x00800200                __malloc_heap_end
                0x00800202                __malloc_heap_start
                0x00800204                __malloc_margin
 *(.data*)
 .data.stopCounter
                0x00800206        0x2 src/Encoder.o
 .data.labyRobotPose
                0x00800208        0xc src/OwnLaby.o
                0x00800208                labyRobotPose
 .data.labyPose
                0x00800214        0x3 src/OwnLaby.o
                0x00800214                labyPose
 .data.value_robotParams
                0x00800217       0x10 src/Position.o
                0x00800217                value_robotParams
 .data.timeTask_uptime
                0x00800227        0x4 lib/tools/timeTask/timeTask.o
                0x00800227                timeTask_uptime
 .data.curSeg   0x0080022b        0x2 lib/pathFollower/pathFollower.o
 .data.pathFollower_segmentLimit
                0x0080022d        0x1 lib/pathFollower/pathFollower.o
 .data.pathFollower_lookaheadDistance
                0x0080022e        0x4 lib/pathFollower/pathFollower.o
 *(.gnu.linkonce.d*)
 *(.rodata)
 *(.rodata*)
 .rodata.str1.1
                0x00800232       0x12 src/main.o
 .rodata.str1.1
                0x00800244       0x20 lib/pathFollower/pathFollower.o
 *(.gnu.linkonce.r*)
                0x00800264                . = ALIGN (0x2)
                0x00800264                _edata = .
                0x00800264                PROVIDE (__data_end, .)

.bss            0x00800264      0x76b
                0x00800264                PROVIDE (__bss_start, .)
 *(.bss)
 *(.bss*)
 .bss.contacts  0x00800264        0x2 src/Bumper.o
 .bss.taster    0x00800266        0x1 src/Bumper.o
 .bss.counterL  0x00800267        0x2 src/Encoder.o
 .bss.counterR  0x00800269        0x2 src/Encoder.o
 .bss.pinbAlt   0x0080026b        0x1 src/Encoder.o
 .bss.IR_value  0x0080026c        0x6 src/IR.o
 .bss.WALL_TASK.2673
                0x00800272        0x2 src/main.o
 .bss.FOLLOWER_TASK.2668
                0x00800274        0x2 src/main.o
 .bss.APRIL_POSE_TASK.2663
                0x00800276        0x2 src/main.o
 .bss.APRIL_TAG_TASK.2659
                0x00800278        0x2 src/main.o
 .bss.POSE_TASK.2654
                0x0080027a        0x2 src/main.o
 .bss.TELEMETRY_TASK.2650
                0x0080027c        0x2 src/main.o
 .bss.LED_TASK.2647
                0x0080027e        0x2 src/main.o
 .bss.truePose  0x00800280        0x2 src/Position.o
 .bss.startTime
                0x00800282        0x6 src/RobotControl.o
 .bss.state     0x00800288        0x1 src/RobotControl.o
 .bss.timeTask_time_ms
                0x00800289        0x4 lib/tools/timeTask/timeTask.o
                0x00800289                timeTask_time_ms
 .bss.uart1     0x0080028d        0x5 lib/io/uart/uart.o
                0x0080028d                uart1
 .bss.errors    0x00800292        0x1 lib/communication/communication.o
 .bss.inChksum  0x00800293        0x1 lib/communication/communication.o
 .bss.isESC     0x00800294        0x1 lib/communication/communication.o
 .bss.inBufLen  0x00800295        0x2 lib/communication/communication.o
 .bss.inBuf     0x00800297      0x400 lib/communication/communication.o
 .bss.communication_ChannelReceivers
                0x00800697       0x20 lib/communication/communication.o
 .bss.relL      0x008006b7        0x4 lib/pathFollower/pathFollower.o
 .bss.nextSegLen
                0x008006bb        0x4 lib/pathFollower/pathFollower.o
 .bss.nextSegLenSq
                0x008006bf        0x4 lib/pathFollower/pathFollower.o
 .bss.nextSegVec
                0x008006c3        0x8 lib/pathFollower/pathFollower.o
 .bss.nextSegEnd
                0x008006cb        0x4 lib/pathFollower/pathFollower.o
 .bss.curSegLen
                0x008006cf        0x4 lib/pathFollower/pathFollower.o
 .bss.curSegLenSq
                0x008006d3        0x4 lib/pathFollower/pathFollower.o
 .bss.curSegVec
                0x008006d7        0x8 lib/pathFollower/pathFollower.o
 .bss.initialized
                0x008006df        0x1 lib/pathFollower/pathFollower.o
 .bss.pathLength
                0x008006e0        0x1 lib/pathFollower/pathFollower.o
 .bss.path      0x008006e1        0x2 lib/pathFollower/pathFollower.o
 .bss.pathFollower_callback
                0x008006e3        0x2 lib/pathFollower/pathFollower.o
 .bss.pathFollower_extStatus
                0x008006e5        0x5 lib/pathFollower/pathFollower.o
 .bss.pathFollower_status
                0x008006ea       0x11 lib/pathFollower/pathFollower.o
 .bss.labyrinthWalls
                0x008006fb       0x10 lib/tools/labyrinth/labyrinth.o
 *(COMMON)
 COMMON         0x0080070b       0x66 src/OwnLaby.o
                0x0080070b                current_position
                0x0080070d                target_tile
                0x0080070f                visit_count
 COMMON         0x00800771      0x180 lib/io/uart/uart.o
                0x00800771                uart1_RX_buf
                0x008007f1                uart1_TX_buf
 COMMON         0x008008f1       0xda lib/io/adc/adc.o
                0x008008f1                ADC_currentChannel
                0x008008f3                ADC_channels
 COMMON         0x008009cb        0x4 c:/program files (x86)/atmel/studio/7.0/toolchain/avr8/avr8-gnu-toolchain/bin/../lib/gcc/avr/5.4.0/../../../../avr/lib/avr51\libc.a(malloc.o)
                0x008009cb                __brkval
                0x008009cd                __flp
                0x008009cf                PROVIDE (__bss_end, .)
                0x0000494e                __data_load_start = LOADADDR (.data)
                0x000049b2                __data_load_end = (__data_load_start + SIZEOF (.data))

.noinit         0x008009cf        0x0
                [!provide]                PROVIDE (__noinit_start, .)
 *(.noinit*)
                [!provide]                PROVIDE (__noinit_end, .)
                0x008009cf                _end = .
                0x008009cf                PROVIDE (__heap_start, .)

.eeprom         0x00810000        0x0
 *(.eeprom*)
                0x00810000                __eeprom_end = .

.fuse
 *(.fuse)
 *(.lfuse)
 *(.hfuse)
 *(.efuse)

.lock
 *(.lock*)

.signature
 *(.signature*)

.user_signatures
 *(.user_signatures*)

.stab
 *(.stab)

.stabstr
 *(.stabstr)

.stab.excl
 *(.stab.excl)

.stab.exclstr
 *(.stab.exclstr)

.stab.index
 *(.stab.index)

.stab.indexstr
 *(.stab.indexstr)

.comment        0x00000000       0x5c
 *(.comment)
 .comment       0x00000000       0x30 src/Bumper.o
                                 0x31 (size before relaxing)
 .comment       0x00000030       0x31 src/Encoder.o
 .comment       0x00000030       0x31 src/IR.o
 .comment       0x00000030       0x31 src/main.o
 .comment       0x00000030       0x31 src/OwnLaby.o
 .comment       0x00000030       0x31 src/path.o
 .comment       0x00000030       0x31 src/Position.o
 .comment       0x00000030       0x31 src/RobotControl.o
 .comment       0x00000030       0x31 src/badISR.o
 .comment       0x00000030       0x31 lib/tools/timeTask/timeTask.o
 .comment       0x00000030       0x31 lib/motor/motor.o
 .comment       0x00000030       0x31 lib/io/uart/uart.o
 .comment       0x00000030       0x31 lib/io/adc/adc.o
 .comment       0x00000030       0x31 lib/communication/communication.o
 .comment       0x00000030       0x31 lib/pathFollower/pathFollower.o
 .comment       0x00000030       0x31 lib/tools/labyrinth/labyrinth.o
 .comment       0x00000030       0x31 c:/program files (x86)/atmel/studio/7.0/toolchain/avr8/avr8-gnu-toolchain/bin/../lib/gcc/avr/5.4.0/../../../../avr/lib/avr51\libc.a(malloc.o)
 .comment       0x00000030       0x31 c:/program files (x86)/atmel/studio/7.0/toolchain/avr8/avr8-gnu-toolchain/bin/../lib/gcc/avr/5.4.0/../../../../avr/lib/avr51\libc.a(vsnprintf.o)
 .comment       0x00000030       0x31 c:/program files (x86)/atmel/studio/7.0/toolchain/avr8/avr8-gnu-toolchain/bin/../lib/gcc/avr/5.4.0/../../../../avr/lib/avr51\libc.a(vsnprintf_p.o)
 .comment       0x00000030       0x2c c:/program files (x86)/atmel/studio/7.0/toolchain/avr8/avr8-gnu-toolchain/bin/../lib/gcc/avr/5.4.0/../../../../avr/lib/avr51\libc.a(vfprintf_std.o)
                                 0x2d (size before relaxing)
 .comment       0x0000005c       0x31 c:/program files (x86)/atmel/studio/7.0/toolchain/avr8/avr8-gnu-toolchain/bin/../lib/gcc/avr/5.4.0/../../../../avr/lib/avr51\libc.a(fputc.o)

.note.gnu.avr.deviceinfo
                0x00000000       0x40
 .note.gnu.avr.deviceinfo
                0x00000000       0x40 C:/Program Files (x86)/Atmel/Studio/7.0/Packs/atmel/ATmega_DFP/1.7.374/gcc/dev/atmega1280/avr51/crtatmega1280.o

.note.gnu.build-id
 *(.note.gnu.build-id)

.debug
 *(.debug)

.line
 *(.line)

.debug_srcinfo
 *(.debug_srcinfo)

.debug_sfnames
 *(.debug_sfnames)

.debug_aranges  0x00000000      0x5a0
 *(.debug_aranges)
 .debug_aranges
                0x00000000       0x38 src/Bumper.o
 .debug_aranges
                0x00000038       0x58 src/Encoder.o
 .debug_aranges
                0x00000090       0x28 src/IR.o
 .debug_aranges
                0x000000b8       0x40 src/main.o
 .debug_aranges
                0x000000f8       0xb0 src/OwnLaby.o
 .debug_aranges
                0x000001a8       0x28 src/path.o
 .debug_aranges
                0x000001d0       0x68 src/Position.o
 .debug_aranges
                0x00000238       0x78 src/RobotControl.o
 .debug_aranges
                0x000002b0       0x20 src/badISR.o
 .debug_aranges
                0x000002d0       0x38 lib/tools/timeTask/timeTask.o
 .debug_aranges
                0x00000308       0x20 lib/tools/timeTask/timeTask_isr.o
 .debug_aranges
                0x00000328       0x50 lib/motor/motor.o
 .debug_aranges
                0x00000378       0x20 lib/io/uart/uart_isr.o
 .debug_aranges
                0x00000398       0x58 lib/io/uart/uart.o
 .debug_aranges
                0x000003f0       0x20 lib/io/adc/adc_isr.o
 .debug_aranges
                0x00000410       0x40 lib/io/adc/adc.o
 .debug_aranges
                0x00000450       0x60 lib/communication/communication.o
 .debug_aranges
                0x000004b0       0x98 lib/pathFollower/pathFollower.o
 .debug_aranges
                0x00000548       0x58 lib/tools/labyrinth/labyrinth.o

.debug_pubnames
 *(.debug_pubnames)

.debug_info     0x00000000     0x7749
 *(.debug_info .gnu.linkonce.wi.*)
 .debug_info    0x00000000      0xbbc C:/Program Files (x86)/Atmel/Studio/7.0/Packs/atmel/ATmega_DFP/1.7.374/gcc/dev/atmega1280/avr51/crtatmega1280.o
 .debug_info    0x00000bbc      0x25d src/Bumper.o
 .debug_info    0x00000e19      0x58e src/Encoder.o
 .debug_info    0x000013a7      0x169 src/IR.o
 .debug_info    0x00001510     0x1187 src/main.o
 .debug_info    0x00002697      0xe67 src/OwnLaby.o
 .debug_info    0x000034fe      0x34d src/path.o
 .debug_info    0x0000384b      0x438 src/Position.o
 .debug_info    0x00003c83      0x870 src/RobotControl.o
 .debug_info    0x000044f3      0x105 src/badISR.o
 .debug_info    0x000045f8      0x2ab lib/tools/timeTask/timeTask.o
 .debug_info    0x000048a3       0xa6 lib/tools/timeTask/timeTask_isr.o
 .debug_info    0x00004949      0x315 lib/motor/motor.o
 .debug_info    0x00004c5e       0x9b lib/io/uart/uart_isr.o
 .debug_info    0x00004cf9      0x3e8 lib/io/uart/uart.o
 .debug_info    0x000050e1       0x99 lib/io/adc/adc_isr.o
 .debug_info    0x0000517a      0x3f0 lib/io/adc/adc.o
 .debug_info    0x0000556a      0x7b7 lib/communication/communication.o
 .debug_info    0x00005d21     0x1493 lib/pathFollower/pathFollower.o
 .debug_info    0x000071b4      0x595 lib/tools/labyrinth/labyrinth.o

.debug_abbrev   0x00000000     0x2b33
 *(.debug_abbrev)
 .debug_abbrev  0x00000000      0xb1a C:/Program Files (x86)/Atmel/Studio/7.0/Packs/atmel/ATmega_DFP/1.7.374/gcc/dev/atmega1280/avr51/crtatmega1280.o
 .debug_abbrev  0x00000b1a      0x13f src/Bumper.o
 .debug_abbrev  0x00000c59      0x223 src/Encoder.o
 .debug_abbrev  0x00000e7c       0xec src/IR.o
 .debug_abbrev  0x00000f68      0x2a8 src/main.o
 .debug_abbrev  0x00001210      0x39a src/OwnLaby.o
 .debug_abbrev  0x000015aa      0x170 src/path.o
 .debug_abbrev  0x0000171a      0x229 src/Position.o
 .debug_abbrev  0x00001943      0x258 src/RobotControl.o
 .debug_abbrev  0x00001b9b       0xba src/badISR.o
 .debug_abbrev  0x00001c55      0x178 lib/tools/timeTask/timeTask.o
 .debug_abbrev  0x00001dcd       0x14 lib/tools/timeTask/timeTask_isr.o
 .debug_abbrev  0x00001de1      0x168 lib/motor/motor.o
 .debug_abbrev  0x00001f49       0x14 lib/io/uart/uart_isr.o
 .debug_abbrev  0x00001f5d      0x1b8 lib/io/uart/uart.o
 .debug_abbrev  0x00002115       0x14 lib/io/adc/adc_isr.o
 .debug_abbrev  0x00002129      0x1c6 lib/io/adc/adc.o
 .debug_abbrev  0x000022ef      0x209 lib/communication/communication.o
 .debug_abbrev  0x000024f8      0x3a9 lib/pathFollower/pathFollower.o
 .debug_abbrev  0x000028a1      0x292 lib/tools/labyrinth/labyrinth.o

.debug_line     0x00000000     0x3b56
 *(.debug_line .debug_line.* .debug_line_end)
 .debug_line    0x00000000      0x1ee C:/Program Files (x86)/Atmel/Studio/7.0/Packs/atmel/ATmega_DFP/1.7.374/gcc/dev/atmega1280/avr51/crtatmega1280.o
 .debug_line    0x000001ee      0x187 src/Bumper.o
 .debug_line    0x00000375      0x517 src/Encoder.o
 .debug_line    0x0000088c       0xf2 src/IR.o
 .debug_line    0x0000097e      0x56b src/main.o
 .debug_line    0x00000ee9      0x725 src/OwnLaby.o
 .debug_line    0x0000160e      0x19f src/path.o
 .debug_line    0x000017ad      0x275 src/Position.o
 .debug_line    0x00001a22      0x2ea src/RobotControl.o
 .debug_line    0x00001d0c      0x13b src/badISR.o
 .debug_line    0x00001e47      0x203 lib/tools/timeTask/timeTask.o
 .debug_line    0x0000204a      0x15a lib/tools/timeTask/timeTask_isr.o
 .debug_line    0x000021a4      0x2ca lib/motor/motor.o
 .debug_line    0x0000246e       0x4e lib/io/uart/uart_isr.o
 .debug_line    0x000024bc      0x20a lib/io/uart/uart.o
 .debug_line    0x000026c6      0x1dd lib/io/adc/adc_isr.o
 .debug_line    0x000028a3      0x2aa lib/io/adc/adc.o
 .debug_line    0x00002b4d      0x567 lib/communication/communication.o
 .debug_line    0x000030b4      0x811 lib/pathFollower/pathFollower.o
 .debug_line    0x000038c5      0x291 lib/tools/labyrinth/labyrinth.o

.debug_frame    0x00000000      0xd58
 *(.debug_frame)
 .debug_frame   0x00000000       0x5c src/Bumper.o
 .debug_frame   0x0000005c      0x10c src/Encoder.o
 .debug_frame   0x00000168       0x40 src/IR.o
 .debug_frame   0x000001a8       0xcc src/main.o
 .debug_frame   0x00000274      0x1a0 src/OwnLaby.o
 .debug_frame   0x00000414       0xb8 src/path.o
 .debug_frame   0x000004cc      0x120 src/Position.o
 .debug_frame   0x000005ec      0x108 src/RobotControl.o
 .debug_frame   0x000006f4       0x30 src/badISR.o
 .debug_frame   0x00000724       0x68 lib/tools/timeTask/timeTask.o
 .debug_frame   0x0000078c       0x90 lib/motor/motor.o
 .debug_frame   0x0000081c       0x94 lib/io/uart/uart.o
 .debug_frame   0x000008b0       0x70 lib/io/adc/adc.o
 .debug_frame   0x00000920      0x11c lib/communication/communication.o
 .debug_frame   0x00000a3c      0x268 lib/pathFollower/pathFollower.o
 .debug_frame   0x00000ca4       0xb4 lib/tools/labyrinth/labyrinth.o

.debug_str      0x00000000     0x1d05
 *(.debug_str)
 .debug_str     0x00000000      0x3e6 C:/Program Files (x86)/Atmel/Studio/7.0/Packs/atmel/ATmega_DFP/1.7.374/gcc/dev/atmega1280/avr51/crtatmega1280.o
 .debug_str     0x000003e6      0x283 src/Bumper.o
                                0x2c6 (size before relaxing)
 .debug_str     0x00000669      0x235 src/Encoder.o
                                0x469 (size before relaxing)
 .debug_str     0x0000089e       0x67 src/IR.o
                                0x1e7 (size before relaxing)
 .debug_str     0x00000905      0x732 src/main.o
                                0xbd4 (size before relaxing)
 .debug_str     0x00001037      0x289 src/OwnLaby.o
                                0x67c (size before relaxing)
 .debug_str     0x000012c0       0x58 src/path.o
                                0x27d (size before relaxing)
 .debug_str     0x00001318       0xa0 src/Position.o
                                0x365 (size before relaxing)
 .debug_str     0x000013b8       0xa8 src/RobotControl.o
                                0x466 (size before relaxing)
 .debug_str     0x00001460       0x63 src/badISR.o
                                0x1e2 (size before relaxing)
 .debug_str     0x000014c3       0x51 lib/tools/timeTask/timeTask.o
                                0x286 (size before relaxing)
 .debug_str     0x00001514       0x55 lib/motor/motor.o
                                0x22b (size before relaxing)
 .debug_str     0x00001569      0x115 lib/io/uart/uart.o
                                0x300 (size before relaxing)
 .debug_str     0x0000167e       0xd3 lib/io/adc/adc.o
                                0x2d5 (size before relaxing)
 .debug_str     0x00001751      0x14c lib/communication/communication.o
                                0x55a (size before relaxing)
 .debug_str     0x0000189d      0x3ca lib/pathFollower/pathFollower.o
                                0x8b7 (size before relaxing)
 .debug_str     0x00001c67       0x9e lib/tools/labyrinth/labyrinth.o
                                0x328 (size before relaxing)

.debug_loc      0x00000000     0x510c
 *(.debug_loc)
 .debug_loc     0x00000000       0x4f src/Bumper.o
 .debug_loc     0x0000004f      0x2b9 src/Encoder.o
 .debug_loc     0x00000308       0x2f src/IR.o
 .debug_loc     0x00000337      0x4c1 src/main.o
 .debug_loc     0x000007f8     0x120c src/OwnLaby.o
 .debug_loc     0x00001a04      0x51c src/path.o
 .debug_loc     0x00001f20      0x2f1 src/Position.o
 .debug_loc     0x00002211      0x101 src/RobotControl.o
 .debug_loc     0x00002312       0x77 src/badISR.o
 .debug_loc     0x00002389      0x11b lib/tools/timeTask/timeTask.o
 .debug_loc     0x000024a4       0xfb lib/motor/motor.o
 .debug_loc     0x0000259f       0xf5 lib/io/uart/uart.o
 .debug_loc     0x00002694      0x2cc lib/io/adc/adc.o
 .debug_loc     0x00002960      0xbcb lib/communication/communication.o
 .debug_loc     0x0000352b     0x16bc lib/pathFollower/pathFollower.o
 .debug_loc     0x00004be7      0x525 lib/tools/labyrinth/labyrinth.o

.debug_macinfo
 *(.debug_macinfo)

.debug_weaknames
 *(.debug_weaknames)

.debug_funcnames
 *(.debug_funcnames)

.debug_typenames
 *(.debug_typenames)

.debug_varnames
 *(.debug_varnames)

.debug_pubtypes
 *(.debug_pubtypes)

.debug_ranges   0x00000000      0x688
 *(.debug_ranges)
 .debug_ranges  0x00000000       0x28 src/Bumper.o
 .debug_ranges  0x00000028       0x48 src/Encoder.o
 .debug_ranges  0x00000070       0x18 src/IR.o
 .debug_ranges  0x00000088       0x48 src/main.o
 .debug_ranges  0x000000d0      0x150 src/OwnLaby.o
 .debug_ranges  0x00000220       0x18 src/path.o
 .debug_ranges  0x00000238       0x70 src/Position.o
 .debug_ranges  0x000002a8       0x80 src/RobotControl.o
 .debug_ranges  0x00000328       0x10 src/badISR.o
 .debug_ranges  0x00000338       0x28 lib/tools/timeTask/timeTask.o
 .debug_ranges  0x00000360       0x40 lib/motor/motor.o
 .debug_ranges  0x000003a0       0x60 lib/io/uart/uart.o
 .debug_ranges  0x00000400       0x48 lib/io/adc/adc.o
 .debug_ranges  0x00000448       0xd8 lib/communication/communication.o
 .debug_ranges  0x00000520      0x108 lib/pathFollower/pathFollower.o
 .debug_ranges  0x00000628       0x60 lib/tools/labyrinth/labyrinth.o

.debug_macro
 *(.debug_macro)
OUTPUT(HWPRobot.elf elf32-avr)
LOAD linker stubs
